<*GNU-Linker-generated-mapfile*> 
generated for DSx86_32 platform 
collect2 version 10.3.0
c:/program files/dspace rcphil 2023-b/compiler/linux_4.14_gcc_10.3/target/x86_64-linux-gnu/bin/../lib/gcc/x86_64-linux-gnu/10.3.0/../../../../x86_64-linux-gnu/bin/ld.exe -plugin c:/program files/dspace rcphil 2023-b/compiler/linux_4.14_gcc_10.3/target/x86_64-linux-gnu/bin/../libexec/gcc/x86_64-linux-gnu/10.3.0/liblto_plugin-0.dll -plugin-opt=c:/program files/dspace rcphil 2023-b/compiler/linux_4.14_gcc_10.3/target/x86_64-linux-gnu/bin/../libexec/gcc/x86_64-linux-gnu/10.3.0/lto-wrapper.exe -plugin-opt=-fresolution=C:\Users\MURTI\AppData\Local\Temp\ccP3qyzI.res -plugin-opt=-pass-through=-lgcc_s -plugin-opt=-pass-through=-lgcc -plugin-opt=-pass-through=-lc -plugin-opt=-pass-through=-lgcc_s -plugin-opt=-pass-through=-lgcc --sysroot=c:\program files\dspace rcphil 2023-b\compiler\linux_4.14_gcc_10.3\target\x86_64-linux-gnu\bin\../../x86_64-linux-gnu --build-id --eh-frame-hdr -m elf_x86_64 -dynamic-linker /lib64/ld-linux-x86-64.so.2 c:/program files/dspace rcphil 2023-b/compiler/linux_4.14_gcc_10.3/target/x86_64-linux-gnu/bin/../../x86_64-linux-gnu/lib/crt1.o c:/program files/dspace rcphil 2023-b/compiler/linux_4.14_gcc_10.3/target/x86_64-linux-gnu/bin/../../x86_64-linux-gnu/lib/crti.o c:/program files/dspace rcphil 2023-b/compiler/linux_4.14_gcc_10.3/target/x86_64-linux-gnu/bin/../lib/gcc/x86_64-linux-gnu/10.3.0/crtbegin.o -Lc:/program files/dspace rcphil 2023-b/compiler/linux_4.14_gcc_10.3/target/x86_64-linux-gnu/bin/../lib/gcc/x86_64-linux-gnu/10.3.0 -Lc:/program files/dspace rcphil 2023-b/compiler/linux_4.14_gcc_10.3/target/x86_64-linux-gnu/bin/../lib/gcc -Lc:/program files/dspace rcphil 2023-b/compiler/linux_4.14_gcc_10.3/target/x86_64-linux-gnu/bin/../lib/gcc/x86_64-linux-gnu/10.3.0/../../../../x86_64-linux-gnu/lib/../lib64 -Lc:/program files/dspace rcphil 2023-b/compiler/linux_4.14_gcc_10.3/target/x86_64-linux-gnu/bin/../lib/gcc/x86_64-linux-gnu/10.3.0/../../../../x86_64-linux-gnu/lib -Lc:/program files/dspace rcphil 2023-b/compiler/linux_4.14_gcc_10.3/target/x86_64-linux-gnu/bin/../../x86_64-linux-gnu/lib -v --unresolved-symbols=ignore-all -lstdc++ -lm -lgcc_s -lgcc -lc -lgcc_s -lgcc c:/program files/dspace rcphil 2023-b/compiler/linux_4.14_gcc_10.3/target/x86_64-linux-gnu/bin/../lib/gcc/x86_64-linux-gnu/10.3.0/crtend.o c:/program files/dspace rcphil 2023-b/compiler/linux_4.14_gcc_10.3/target/x86_64-linux-gnu/bin/../../x86_64-linux-gnu/lib/crtn.o
GNU ld (GNU Binutils) 2.35
Archive member included to satisfy reference by file (symbol)

C:\Users\MURTI\AppData\Local\Temp\dSPACE\CfgDesk\AppCache\1\Build\AnalogSignal1\Compile\AnalogSignal1\AnalogSignal1.a(AnalogSignal1_dsrtmdlfcn.o64)
                              dssimengine_accesspoint.o64 (AnalogSignal1_DSRTInitMdl)
C:\Users\MURTI\AppData\Local\Temp\dSPACE\CfgDesk\AppCache\1\Build\AnalogSignal1\Compile\AnalogSignal1\AnalogSignal1.a(AnalogSignal1_dsrttf.o64)
                              rtosal_task.o64 (AnalogSignal1_DSRTMdlOutputs0)
C:\Users\MURTI\AppData\Local\Temp\dSPACE\CfgDesk\AppCache\1\Build\AnalogSignal1\Compile\AnalogSignal1\AnalogSignal1.a(AnalogSignal1.o64)
                              C:\Users\MURTI\AppData\Local\Temp\dSPACE\CfgDesk\AppCache\1\Build\AnalogSignal1\Compile\AnalogSignal1\AnalogSignal1.a(AnalogSignal1_dsrttf.o64) (AnalogSignal1_output)
C:\Users\MURTI\AppData\Local\Temp\dSPACE\CfgDesk\AppCache\1\Build\AnalogSignal1\Compile\AnalogSignal1\AnalogSignal1.a(AnalogSignal1_data.o64)
                              C:\Users\MURTI\AppData\Local\Temp\dSPACE\CfgDesk\AppCache\1\Build\AnalogSignal1\Compile\AnalogSignal1\AnalogSignal1.a(AnalogSignal1.o64) (AnalogSignal1_P)
C:\Users\MURTI\AppData\Local\Temp\dSPACE\CfgDesk\AppCache\1\Build\AnalogSignal1\Compile\AnalogSignal1\AnalogSignal1.a(AnalogSignal1_dsrtvdf.o64)
                              C:\Users\MURTI\AppData\Local\Temp\dSPACE\CfgDesk\AppCache\1\Build\AnalogSignal1\Compile\AnalogSignal1\AnalogSignal1.a(AnalogSignal1.o64) (AnalogSignal1_rti_init_trc_pointers)
C:\Program Files\dSPACE RCPHIL 2023-B\Compiler\Linux_4.14_GCC_10.3\target\x86_64-linux-gnu\lib\libc_nonshared.a(elf-init.oS)
                              c:/program files/dspace rcphil 2023-b/compiler/linux_4.14_gcc_10.3/target/x86_64-linux-gnu/bin/../../x86_64-linux-gnu/lib/Scrt1.o (__libc_csu_init)

Merging program properties

Removed property 0xc0000002 to merge c:/program files/dspace rcphil 2023-b/compiler/linux_4.14_gcc_10.3/target/x86_64-linux-gnu/bin/../lib/gcc/x86_64-linux-gnu/10.3.0/crtbeginS.o (0x3) and c:/program files/dspace rcphil 2023-b/compiler/linux_4.14_gcc_10.3/target/x86_64-linux-gnu/bin/../../x86_64-linux-gnu/lib/Scrt1.o (not found)
Removed property 0xc0000002 to merge c:/program files/dspace rcphil 2023-b/compiler/linux_4.14_gcc_10.3/target/x86_64-linux-gnu/bin/../lib/gcc/x86_64-linux-gnu/10.3.0/crtbeginS.o (not found) and c:/program files/dspace rcphil 2023-b/compiler/linux_4.14_gcc_10.3/target/x86_64-linux-gnu/bin/../lib/gcc/x86_64-linux-gnu/10.3.0/crtendS.o (0x3)

As-needed library included to satisfy reference by file (symbol)

libDsRealTimeTestingRP.so.1   rtosal_task.o64 (dsrtt_script_service_post_computation)

Discarded input sections

 .note.GNU-stack
                0x0000000000000000        0x0 c:/program files/dspace rcphil 2023-b/compiler/linux_4.14_gcc_10.3/target/x86_64-linux-gnu/bin/../../x86_64-linux-gnu/lib/Scrt1.o
 .note.GNU-stack
                0x0000000000000000        0x0 c:/program files/dspace rcphil 2023-b/compiler/linux_4.14_gcc_10.3/target/x86_64-linux-gnu/bin/../../x86_64-linux-gnu/lib/crti.o
 .note.GNU-stack
                0x0000000000000000        0x0 c:/program files/dspace rcphil 2023-b/compiler/linux_4.14_gcc_10.3/target/x86_64-linux-gnu/bin/../lib/gcc/x86_64-linux-gnu/10.3.0/crtbeginS.o
 .note.gnu.property
                0x0000000000000000       0x20 c:/program files/dspace rcphil 2023-b/compiler/linux_4.14_gcc_10.3/target/x86_64-linux-gnu/bin/../lib/gcc/x86_64-linux-gnu/10.3.0/crtbeginS.o
 .note.GNU-stack
                0x0000000000000000        0x0 mdladapter_mdlfunctions.o64
 .note.GNU-stack
                0x0000000000000000        0x0 mdlCode_ap.o64
 .note.GNU-stack
                0x0000000000000000        0x0 data_in_ap.o64
 .note.GNU-stack
                0x0000000000000000        0x0 data_out_ap.o64
 .note.GNU-stack
                0x0000000000000000        0x0 fm_entry_ap.o64
 .note.GNU-stack
                0x0000000000000000        0x0 fm_exit_ap.o64
 .note.GNU-stack
                0x0000000000000000        0x0 dssimengine_accesspoint.o64
 .note.GNU-stack
                0x0000000000000000        0x0 dssimengine_api.o64
 .group         0x0000000000000000        0x8 dssimengine_main.o64
 .group         0x0000000000000000        0xc dssimengine_main.o64
 .group         0x0000000000000000        0xc dssimengine_main.o64
 .group         0x0000000000000000        0xc dssimengine_main.o64
 .note.GNU-stack
                0x0000000000000000        0x0 dssimengine_main.o64
 .group         0x0000000000000000        0x8 rtosal_task.o64
 .group         0x0000000000000000        0xc rtosal_task.o64
 .group         0x0000000000000000        0xc rtosal_task.o64
 .group         0x0000000000000000        0xc rtosal_task.o64
 .data.rel.local.DW.ref.__gxx_personality_v0
                0x0000000000000000        0x8 rtosal_task.o64
 .note.GNU-stack
                0x0000000000000000        0x0 rtosal_task.o64
 .note.GNU-stack
                0x0000000000000000        0x0 rtosal_taskap.o64
 .note.GNU-stack
                0x0000000000000000        0x0 rtosal_simengineap.o64
 .note.GNU-stack
                0x0000000000000000        0x0 IOCode_Data.o64
 .note.GNU-stack
                0x0000000000000000        0x0 dssimengine_accesspoint_Voltage_In.o64
 .note.GNU-stack
                0x0000000000000000        0x0 dssimengine_accesspoint_Voltage_Out.o64
 .note.GNU-stack
                0x0000000000000000        0x0 C:\Users\MURTI\AppData\Local\Temp\dSPACE\CfgDesk\AppCache\1\Build\AnalogSignal1\Compile\AnalogSignal1\AnalogSignal1.a(AnalogSignal1_dsrtmdlfcn.o64)
 .note.GNU-stack
                0x0000000000000000        0x0 C:\Users\MURTI\AppData\Local\Temp\dSPACE\CfgDesk\AppCache\1\Build\AnalogSignal1\Compile\AnalogSignal1\AnalogSignal1.a(AnalogSignal1_dsrttf.o64)
 .note.GNU-stack
                0x0000000000000000        0x0 C:\Users\MURTI\AppData\Local\Temp\dSPACE\CfgDesk\AppCache\1\Build\AnalogSignal1\Compile\AnalogSignal1\AnalogSignal1.a(AnalogSignal1.o64)
 .note.GNU-stack
                0x0000000000000000        0x0 C:\Users\MURTI\AppData\Local\Temp\dSPACE\CfgDesk\AppCache\1\Build\AnalogSignal1\Compile\AnalogSignal1\AnalogSignal1.a(AnalogSignal1_data.o64)
 .note.GNU-stack
                0x0000000000000000        0x0 C:\Users\MURTI\AppData\Local\Temp\dSPACE\CfgDesk\AppCache\1\Build\AnalogSignal1\Compile\AnalogSignal1\AnalogSignal1.a(AnalogSignal1_dsrtvdf.o64)
 .note.GNU-stack
                0x0000000000000000        0x0 C:\Program Files\dSPACE RCPHIL 2023-B\Compiler\Linux_4.14_GCC_10.3\target\x86_64-linux-gnu\lib\libc_nonshared.a(elf-init.oS)
 .note.GNU-stack
                0x0000000000000000        0x0 c:/program files/dspace rcphil 2023-b/compiler/linux_4.14_gcc_10.3/target/x86_64-linux-gnu/bin/../lib/gcc/x86_64-linux-gnu/10.3.0/crtendS.o
 .note.gnu.property
                0x0000000000000000       0x20 c:/program files/dspace rcphil 2023-b/compiler/linux_4.14_gcc_10.3/target/x86_64-linux-gnu/bin/../lib/gcc/x86_64-linux-gnu/10.3.0/crtendS.o
 .note.GNU-stack
                0x0000000000000000        0x0 c:/program files/dspace rcphil 2023-b/compiler/linux_4.14_gcc_10.3/target/x86_64-linux-gnu/bin/../../x86_64-linux-gnu/lib/crtn.o

Memory Configuration

Name             Origin             Length             Attributes
*default*        0x0000000000000000 0xffffffffffffffff

Linker script and memory map

LOAD c:/program files/dspace rcphil 2023-b/compiler/linux_4.14_gcc_10.3/target/x86_64-linux-gnu/bin/../../x86_64-linux-gnu/lib/Scrt1.o
LOAD c:/program files/dspace rcphil 2023-b/compiler/linux_4.14_gcc_10.3/target/x86_64-linux-gnu/bin/../../x86_64-linux-gnu/lib/crti.o
LOAD c:/program files/dspace rcphil 2023-b/compiler/linux_4.14_gcc_10.3/target/x86_64-linux-gnu/bin/../lib/gcc/x86_64-linux-gnu/10.3.0/crtbeginS.o
                0x00000000000009ce                DS_TARGET_PLATFORM = 0x9ce
LOAD C:\Program Files\dSPACE RCPHIL 2023-B\Compiler\Linux_4.14_GCC_10.3\target\x86_64-linux-gnu\lib/libpthread.so
LOAD C:\Program Files\dSPACE RCPHIL 2023-B\Compiler\Linux_4.14_GCC_10.3\target\x86_64-linux-gnu\lib/librt.so
LOAD C:\Program Files\dSPACE RCPHIL 2023-B\Compiler\Linux_4.14_GCC_10.3\target\x86_64-linux-gnu\lib/libdl.so
START GROUP
LOAD mdladapter_mdlfunctions.o64
LOAD mdlCode_ap.o64
LOAD data_in_ap.o64
LOAD data_out_ap.o64
LOAD fm_entry_ap.o64
LOAD fm_exit_ap.o64
LOAD dssimengine_accesspoint.o64
LOAD dssimengine_api.o64
LOAD dssimengine_main.o64
LOAD rtosal_task.o64
LOAD rtosal_taskap.o64
LOAD rtosal_simengineap.o64
LOAD IOCode_Data.o64
LOAD dssimengine_accesspoint_Voltage_In.o64
LOAD dssimengine_accesspoint_Voltage_Out.o64
LOAD C:\Users\MURTI\AppData\Local\Temp\dSPACE\CfgDesk\AppCache\1\Build\AnalogSignal1\Compile\AnalogSignal1\AnalogSignal1.a
LOAD C:\Program Files\dSPACE RCPHIL 2023-B\SCALEXIO\lib64/libdsanalogindrv.so
LOAD C:\Program Files\dSPACE RCPHIL 2023-B\SCALEXIO\lib64/libdsanalogoutdrv.so
LOAD C:\Program Files\dSPACE RCPHIL 2023-B\SCALEXIO\lib64/libdscandrv.so
LOAD C:\Program Files\dSPACE RCPHIL 2023-B\SCALEXIO\lib64/libdslindrv.so
LOAD C:\Program Files\dSPACE RCPHIL 2023-B\SCALEXIO\lib64/libdsethernetinterfacemanagementdrv.so
END GROUP
LOAD C:\Program Files\dSPACE RCPHIL 2023-B\SCALEXIO\lib64/libDsRtLib.so
LOAD C:\Program Files\dSPACE RCPHIL 2023-B\Compiler\Linux_4.14_GCC_10.3\target\x86_64-linux-gnu\x86_64-linux-gnu\lib64/libstdc++.so
LOAD C:\Program Files\dSPACE RCPHIL 2023-B\Compiler\Linux_4.14_GCC_10.3\target\x86_64-linux-gnu\lib/libm.so
START GROUP
LOAD C:\Program Files\dSPACE RCPHIL 2023-B\Compiler\Linux_4.14_GCC_10.3\target\x86_64-linux-gnu\lib\libm.so.6
LOAD C:\Program Files\dSPACE RCPHIL 2023-B\Compiler\Linux_4.14_GCC_10.3\target\x86_64-linux-gnu\lib\libmvec.so.1
END GROUP
LOAD C:\Program Files\dSPACE RCPHIL 2023-B\Compiler\Linux_4.14_GCC_10.3\target\x86_64-linux-gnu\x86_64-linux-gnu\lib/libgcc_s.so
START GROUP
LOAD C:\Program Files\dSPACE RCPHIL 2023-B\Compiler\Linux_4.14_GCC_10.3\target\x86_64-linux-gnu\x86_64-linux-gnu\lib\libgcc_s.so.1
LOAD c:/program files/dspace rcphil 2023-b/compiler/linux_4.14_gcc_10.3/target/x86_64-linux-gnu/bin/../lib/gcc/x86_64-linux-gnu/10.3.0\libgcc.a
END GROUP
LOAD c:/program files/dspace rcphil 2023-b/compiler/linux_4.14_gcc_10.3/target/x86_64-linux-gnu/bin/../lib/gcc/x86_64-linux-gnu/10.3.0\libgcc.a
LOAD C:\Program Files\dSPACE RCPHIL 2023-B\Compiler\Linux_4.14_GCC_10.3\target\x86_64-linux-gnu\lib/libc.so
START GROUP
LOAD C:\Program Files\dSPACE RCPHIL 2023-B\Compiler\Linux_4.14_GCC_10.3\target\x86_64-linux-gnu\lib\libc.so.6
LOAD C:\Program Files\dSPACE RCPHIL 2023-B\Compiler\Linux_4.14_GCC_10.3\target\x86_64-linux-gnu\lib\libc_nonshared.a
LOAD C:\Program Files\dSPACE RCPHIL 2023-B\Compiler\Linux_4.14_GCC_10.3\target\x86_64-linux-gnu\lib\ld-linux-x86-64.so.2
END GROUP
LOAD C:\Program Files\dSPACE RCPHIL 2023-B\Compiler\Linux_4.14_GCC_10.3\target\x86_64-linux-gnu\x86_64-linux-gnu\lib/libgcc_s.so
START GROUP
LOAD C:\Program Files\dSPACE RCPHIL 2023-B\Compiler\Linux_4.14_GCC_10.3\target\x86_64-linux-gnu\x86_64-linux-gnu\lib\libgcc_s.so.1
LOAD c:/program files/dspace rcphil 2023-b/compiler/linux_4.14_gcc_10.3/target/x86_64-linux-gnu/bin/../lib/gcc/x86_64-linux-gnu/10.3.0\libgcc.a
END GROUP
LOAD c:/program files/dspace rcphil 2023-b/compiler/linux_4.14_gcc_10.3/target/x86_64-linux-gnu/bin/../lib/gcc/x86_64-linux-gnu/10.3.0\libgcc.a
LOAD c:/program files/dspace rcphil 2023-b/compiler/linux_4.14_gcc_10.3/target/x86_64-linux-gnu/bin/../lib/gcc/x86_64-linux-gnu/10.3.0/crtendS.o
LOAD c:/program files/dspace rcphil 2023-b/compiler/linux_4.14_gcc_10.3/target/x86_64-linux-gnu/bin/../../x86_64-linux-gnu/lib/crtn.o
                [!provide]                        PROVIDE (__executable_start = SEGMENT_START ("text-segment", 0x0))
                0x00000000000002a8                . = (SEGMENT_START ("text-segment", 0x0) + SIZEOF_HEADERS)

.interp         0x00000000000002a8       0x1c
 *(.interp)
 .interp        0x00000000000002a8       0x1c c:/program files/dspace rcphil 2023-b/compiler/linux_4.14_gcc_10.3/target/x86_64-linux-gnu/bin/../../x86_64-linux-gnu/lib/Scrt1.o

.note.gnu.build-id
                0x00000000000002c4       0x24
 *(.note.gnu.build-id)
 .note.gnu.build-id
                0x00000000000002c4       0x24 c:/program files/dspace rcphil 2023-b/compiler/linux_4.14_gcc_10.3/target/x86_64-linux-gnu/bin/../../x86_64-linux-gnu/lib/Scrt1.o

.note.ABI-tag   0x00000000000002e8       0x20
 .note.ABI-tag  0x00000000000002e8       0x20 c:/program files/dspace rcphil 2023-b/compiler/linux_4.14_gcc_10.3/target/x86_64-linux-gnu/bin/../../x86_64-linux-gnu/lib/Scrt1.o

.hash           0x0000000000000308      0x1a0
 *(.hash)
 .hash          0x0000000000000308      0x1a0 c:/program files/dspace rcphil 2023-b/compiler/linux_4.14_gcc_10.3/target/x86_64-linux-gnu/bin/../../x86_64-linux-gnu/lib/Scrt1.o

.gnu.hash       0x00000000000004a8       0x24
 *(.gnu.hash)
 .gnu.hash      0x00000000000004a8       0x24 c:/program files/dspace rcphil 2023-b/compiler/linux_4.14_gcc_10.3/target/x86_64-linux-gnu/bin/../../x86_64-linux-gnu/lib/Scrt1.o

.dynsym         0x00000000000004d0      0x618
 *(.dynsym)
 .dynsym        0x00000000000004d0      0x618 c:/program files/dspace rcphil 2023-b/compiler/linux_4.14_gcc_10.3/target/x86_64-linux-gnu/bin/../../x86_64-linux-gnu/lib/Scrt1.o

.dynstr         0x0000000000000ae8      0xbd0
 *(.dynstr)
 .dynstr        0x0000000000000ae8      0xbd0 c:/program files/dspace rcphil 2023-b/compiler/linux_4.14_gcc_10.3/target/x86_64-linux-gnu/bin/../../x86_64-linux-gnu/lib/Scrt1.o

.gnu.version    0x00000000000016b8       0x82
 *(.gnu.version)
 .gnu.version   0x00000000000016b8       0x82 c:/program files/dspace rcphil 2023-b/compiler/linux_4.14_gcc_10.3/target/x86_64-linux-gnu/bin/../../x86_64-linux-gnu/lib/Scrt1.o

.gnu.version_d  0x0000000000001740        0x0
 *(.gnu.version_d)
 .gnu.version_d
                0x0000000000001740        0x0 c:/program files/dspace rcphil 2023-b/compiler/linux_4.14_gcc_10.3/target/x86_64-linux-gnu/bin/../../x86_64-linux-gnu/lib/Scrt1.o

.gnu.version_r  0x0000000000001740       0x70
 *(.gnu.version_r)
 .gnu.version_r
                0x0000000000001740       0x70 c:/program files/dspace rcphil 2023-b/compiler/linux_4.14_gcc_10.3/target/x86_64-linux-gnu/bin/../../x86_64-linux-gnu/lib/Scrt1.o

.rela.dyn       0x00000000000017b0      0x8e8
 *(.rela.init)
 *(.rela.text .rela.text.* .rela.gnu.linkonce.t.*)
 .rela.text     0x00000000000017b0        0x0 c:/program files/dspace rcphil 2023-b/compiler/linux_4.14_gcc_10.3/target/x86_64-linux-gnu/bin/../../x86_64-linux-gnu/lib/Scrt1.o
 *(.rela.fini)
 *(.rela.rodata .rela.rodata.* .rela.gnu.linkonce.r.*)
 *(.rela.data .rela.data.* .rela.gnu.linkonce.d.*)
 .rela.data.rel.ro
                0x00000000000017b0        0x0 c:/program files/dspace rcphil 2023-b/compiler/linux_4.14_gcc_10.3/target/x86_64-linux-gnu/bin/../../x86_64-linux-gnu/lib/Scrt1.o
 .rela.data.rel.local
                0x00000000000017b0       0x18 c:/program files/dspace rcphil 2023-b/compiler/linux_4.14_gcc_10.3/target/x86_64-linux-gnu/bin/../../x86_64-linux-gnu/lib/Scrt1.o
 .rela.data.rel.ro._ZTI18DsCApplicationMain
                0x00000000000017c8       0x48 c:/program files/dspace rcphil 2023-b/compiler/linux_4.14_gcc_10.3/target/x86_64-linux-gnu/bin/../../x86_64-linux-gnu/lib/Scrt1.o
 .rela.data.rel.ro._ZTV18DsCApplicationMain
                0x0000000000001810       0xd8 c:/program files/dspace rcphil 2023-b/compiler/linux_4.14_gcc_10.3/target/x86_64-linux-gnu/bin/../../x86_64-linux-gnu/lib/Scrt1.o
 .rela.data.rel
                0x00000000000018e8       0xa8 c:/program files/dspace rcphil 2023-b/compiler/linux_4.14_gcc_10.3/target/x86_64-linux-gnu/bin/../../x86_64-linux-gnu/lib/Scrt1.o
 .rela.data.rel.local.DW.ref.__gxx_personality_v0
                0x0000000000001990       0x18 c:/program files/dspace rcphil 2023-b/compiler/linux_4.14_gcc_10.3/target/x86_64-linux-gnu/bin/../../x86_64-linux-gnu/lib/Scrt1.o
 .rela.data.rel.ro._ZTI24DsCRtosAlPeriodic_Task_1
                0x00000000000019a8       0x48 c:/program files/dspace rcphil 2023-b/compiler/linux_4.14_gcc_10.3/target/x86_64-linux-gnu/bin/../../x86_64-linux-gnu/lib/Scrt1.o
 .rela.data.rel.ro._ZTV24DsCRtosAlPeriodic_Task_1
                0x00000000000019f0       0x78 c:/program files/dspace rcphil 2023-b/compiler/linux_4.14_gcc_10.3/target/x86_64-linux-gnu/bin/../../x86_64-linux-gnu/lib/Scrt1.o
 .rela.data.rel.ro.local
                0x0000000000001a68       0x18 c:/program files/dspace rcphil 2023-b/compiler/linux_4.14_gcc_10.3/target/x86_64-linux-gnu/bin/../../x86_64-linux-gnu/lib/Scrt1.o
 *(.rela.tdata .rela.tdata.* .rela.gnu.linkonce.td.*)
 *(.rela.tbss .rela.tbss.* .rela.gnu.linkonce.tb.*)
 *(.rela.ctors)
 .rela.ctors    0x0000000000001a80       0x60 c:/program files/dspace rcphil 2023-b/compiler/linux_4.14_gcc_10.3/target/x86_64-linux-gnu/bin/../../x86_64-linux-gnu/lib/Scrt1.o
 *(.rela.dtors)
 *(.rela.got)
 .rela.got      0x0000000000001ae0      0x5a0 c:/program files/dspace rcphil 2023-b/compiler/linux_4.14_gcc_10.3/target/x86_64-linux-gnu/bin/../../x86_64-linux-gnu/lib/Scrt1.o
 *(.rela.bss .rela.bss.* .rela.gnu.linkonce.b.*)
 .rela.bss      0x0000000000002080        0x0 c:/program files/dspace rcphil 2023-b/compiler/linux_4.14_gcc_10.3/target/x86_64-linux-gnu/bin/../../x86_64-linux-gnu/lib/Scrt1.o
 *(.rela.ldata .rela.ldata.* .rela.gnu.linkonce.l.*)
 *(.rela.lbss .rela.lbss.* .rela.gnu.linkonce.lb.*)
 *(.rela.lrodata .rela.lrodata.* .rela.gnu.linkonce.lr.*)
 *(.rela.ifunc)
 .rela.ifunc    0x0000000000002080        0x0 c:/program files/dspace rcphil 2023-b/compiler/linux_4.14_gcc_10.3/target/x86_64-linux-gnu/bin/../../x86_64-linux-gnu/lib/Scrt1.o
 .rela.init_array
                0x0000000000002080       0x18 c:/program files/dspace rcphil 2023-b/compiler/linux_4.14_gcc_10.3/target/x86_64-linux-gnu/bin/../../x86_64-linux-gnu/lib/Scrt1.o
 .rela.eh_frame
                0x0000000000002098        0x0 c:/program files/dspace rcphil 2023-b/compiler/linux_4.14_gcc_10.3/target/x86_64-linux-gnu/bin/../../x86_64-linux-gnu/lib/Scrt1.o

.rela.plt       0x0000000000002098        0x0
 *(.rela.plt)
 .rela.plt      0x0000000000002098        0x0 c:/program files/dspace rcphil 2023-b/compiler/linux_4.14_gcc_10.3/target/x86_64-linux-gnu/bin/../../x86_64-linux-gnu/lib/Scrt1.o
 *(.rela.iplt)
                0x0000000000003000                . = ALIGN (CONSTANT (MAXPAGESIZE))

.init           0x0000000000003000       0x17
 *(SORT_NONE(.init))
 .init          0x0000000000003000       0x12 c:/program files/dspace rcphil 2023-b/compiler/linux_4.14_gcc_10.3/target/x86_64-linux-gnu/bin/../../x86_64-linux-gnu/lib/crti.o
                0x0000000000003000                _init
 .init          0x0000000000003012        0x5 c:/program files/dspace rcphil 2023-b/compiler/linux_4.14_gcc_10.3/target/x86_64-linux-gnu/bin/../../x86_64-linux-gnu/lib/crtn.o

.plt            0x0000000000003020       0x10
 *(.plt)
 .plt           0x0000000000003020       0x10 c:/program files/dspace rcphil 2023-b/compiler/linux_4.14_gcc_10.3/target/x86_64-linux-gnu/bin/../../x86_64-linux-gnu/lib/Scrt1.o
 *(.iplt)

.plt.got        0x0000000000003030        0x8
 *(.plt.got)
 .plt.got       0x0000000000003030        0x8 c:/program files/dspace rcphil 2023-b/compiler/linux_4.14_gcc_10.3/target/x86_64-linux-gnu/bin/../../x86_64-linux-gnu/lib/Scrt1.o
                0x0000000000003030                __cxa_finalize@@GLIBC_2.2.5

.plt.sec
 *(.plt.sec)

.text           0x0000000000003040     0x1751
 *(.text.unlikely .text.*_unlikely .text.unlikely.*)
 .text.unlikely
                0x0000000000003040       0x1a dssimengine_main.o64
 .text.unlikely
                0x000000000000305a       0x1a rtosal_task.o64
 *(.text.exit .text.exit.*)
 *(.text.startup .text.startup.*)
 *fill*         0x0000000000003074        0xc 
 .text.startup  0x0000000000003080       0x29 dssimengine_main.o64
                0x0000000000003080                _Z32__registerApplDsCApplicationMainv
 *fill*         0x00000000000030a9        0x7 
 .text.startup  0x00000000000030b0       0x12 rtosal_simengineap.o64
                0x00000000000030b0                _Z21__registerRTTMPConfigv
 *fill*         0x00000000000030c2        0xe 
 .text.startup  0x00000000000030d0       0x14 IOCode_Data.o64
                0x00000000000030d0                _Z31__registerResourceg_ResourceMapv
 *(.text.hot .text.hot.*)
 *(SORT_BY_NAME(.text.sorted.*))
 *(.text .stub .text.* .gnu.linkonce.t.*)
 *fill*         0x00000000000030e4        0xc 
 .text          0x00000000000030f0       0x2b c:/program files/dspace rcphil 2023-b/compiler/linux_4.14_gcc_10.3/target/x86_64-linux-gnu/bin/../../x86_64-linux-gnu/lib/Scrt1.o
                0x00000000000030f0                _start
 .text          0x000000000000311b        0x0 c:/program files/dspace rcphil 2023-b/compiler/linux_4.14_gcc_10.3/target/x86_64-linux-gnu/bin/../../x86_64-linux-gnu/lib/crti.o
 *fill*         0x000000000000311b        0x5 
 .text          0x0000000000003120      0x109 c:/program files/dspace rcphil 2023-b/compiler/linux_4.14_gcc_10.3/target/x86_64-linux-gnu/bin/../lib/gcc/x86_64-linux-gnu/10.3.0/crtbeginS.o
 *fill*         0x0000000000003229        0x7 
 .text          0x0000000000003230       0x48 mdladapter_mdlfunctions.o64
                0x0000000000003230                AnalogSignal1_APTerminateSimulation
                0x0000000000003240                AnalogSignal1_APLastApplStateStopped
                0x0000000000003260                AnalogSignal1_APStopSimulation
                0x0000000000003270                AnalogSignal1_APPrintMessage
 .text          0x0000000000003278        0x0 mdlCode_ap.o64
 *fill*         0x0000000000003278        0x8 
 .text          0x0000000000003280       0x70 data_in_ap.o64
                0x0000000000003290                ap_read_AnalogSignal1_DataInport1_P1_S1
 .text          0x00000000000032f0       0x65 data_out_ap.o64
                0x0000000000003300                ap_write_AnalogSignal1_DataOutport1_P1_S1
 *fill*         0x0000000000003355        0xb 
 .text          0x0000000000003360       0x10 fm_entry_ap.o64
                0x0000000000003360                ap_entry_AnalogSignal1_SIDRoot_TID0
 .text          0x0000000000003370       0x10 fm_exit_ap.o64
                0x0000000000003370                ap_exit_AnalogSignal1_SIDRoot_TID0
 .text          0x0000000000003380      0x743 dssimengine_accesspoint.o64
                0x0000000000003380                ApSimEngineOnInitMdl
                0x00000000000033a0                ApSimEngineOnStartMdl
                0x00000000000033c0                ApSimEngineOnStopMdl
                0x00000000000033e0                ApSimEngineOnTerminateMdl
                0x00000000000033f0                ApSimEngineOnUnloadMdl
                0x0000000000003410                ApSimEngineOnInitImc
                0x0000000000003430                ApSimEngineOnStartImc
                0x0000000000003450                ApSimEngineOnStopImc
                0x0000000000003470                ApSimEngineOnTerminateImc
                0x0000000000003490                ApSimEngineOnUnloadImc
                0x00000000000034b0                ApSimEngineOnInitIoPreRtosInit
                0x0000000000003530                ApSimEngineOnInitHwDiagnostics
                0x00000000000036a0                ApSimEngineOnStopIo
                0x00000000000036c0                ApSimEngineOnTerminateIo
                0x00000000000036e0                ApSimEngineOnUnloadIo
                0x0000000000003700                ApSimEngineOnInitRtos
                0x0000000000003750                ApSimEngineOnStartRtos
                0x0000000000003770                ApSimEngineOnStopRtos
                0x0000000000003790                ApSimEngineOnStop
                0x00000000000037e0                ApSimEngineOnTerminateRtos
                0x0000000000003800                ApSimEngineOnTerminate
                0x0000000000003850                ApSimEngineOnUnloadRtos
                0x0000000000003870                ApSimEngineOnUnload
                0x00000000000038c0                ApSimEngineIdle
                0x00000000000038e0                _Z22ApSimEngineRunTimeInitR16DsCErrorListPooli
                0x0000000000003910                ApSimEngineOnInitIoPostRtosInit
                0x00000000000039c0                ApSimEngineOnInit
                0x0000000000003a20                ApSimEngineOnStartIo
                0x0000000000003a80                ApSimEngineOnStart
 *fill*         0x0000000000003ac3        0xd 
 .text          0x0000000000003ad0       0x57 dssimengine_api.o64
                0x0000000000003ad0                _Z25SimEngineLastApplStateGetv
                0x0000000000003ae0                _Z16SimEngineApplGetv
                0x0000000000003af0                _Z17SimEngineApplStopv
                0x0000000000003b10                _Z22SimEngineApplTerminatev
 *fill*         0x0000000000003b27        0x9 
 .text          0x0000000000003b30      0x187 dssimengine_main.o64
                0x0000000000003b30                destroyApplication
                0x0000000000003b50                getApplicationErrorList
                0x0000000000003b60                _ZN18DsCApplicationMainD1Ev
                0x0000000000003b60                _ZN18DsCApplicationMainD2Ev
                0x0000000000003b90                _ZN18DsCApplicationMainD0Ev
                0x0000000000003bb0                _ZN18DsCApplicationMain6onInitER16DsCErrorListPool
                0x0000000000003bd0                _ZN18DsCApplicationMain7onStartER16DsCErrorListPool
                0x0000000000003bf0                _ZN18DsCApplicationMain6onStopER16DsCErrorListPool
                0x0000000000003c10                _ZN18DsCApplicationMain11onTerminateER16DsCErrorListPool
                0x0000000000003c30                _ZN18DsCApplicationMain8onUnloadER16DsCErrorListPool
                0x0000000000003c40                _ZN18DsCApplicationMain6onIdleER16DsCErrorListPool
                0x0000000000003c50                _ZN18DsCApplicationMainC2ER16DsCErrorListPool
                0x0000000000003c50                _ZN18DsCApplicationMainC1ER16DsCErrorListPool
                0x0000000000003c80                createApplication
 *fill*         0x0000000000003cb7        0x9 
 .text          0x0000000000003cc0      0x322 rtosal_task.o64
                0x0000000000003cc0                _ZN24DsCRtosAlPeriodic_Task_1D1Ev
                0x0000000000003cc0                _ZN24DsCRtosAlPeriodic_Task_1D2Ev
                0x0000000000003ce0                _ZN24DsCRtosAlPeriodic_Task_1D0Ev
                0x0000000000003d00                _ZN24DsCRtosAlPeriodic_Task_15onRunER16DsCErrorListPool
                0x0000000000003d50                _ZN24DsCRtosAlPeriodic_Task_1C1ER16DsCErrorListPoolP14DsCApplicationPKcjjjjjjjP7DsCTaskj
                0x0000000000003d50                _ZN24DsCRtosAlPeriodic_Task_1C2ER16DsCErrorListPoolP14DsCApplicationPKcjjjjjjjP7DsCTaskj
                0x0000000000003da0                _ZN24DsCRtosAlPeriodic_Task_16createER16DsCErrorListPoolP14DsCApplicationPKcjjjjjjjP7DsCTaskj
                0x0000000000003e50                _Z37RtosAlDefaultDeadlineViolationHandlerR16DsCErrorListPoolP7DsCTask
                0x0000000000003ef0                _Z35RtosAlProfilerSourcesInitializationv
                0x0000000000003f00                _Z20RtosAlHandleOverrunsP7DsCTaski
                0x0000000000003fd0                _ZN24DsCRtosAlPeriodic_Task_19onOverrunER16DsCErrorListPool
 *fill*         0x0000000000003fe2        0xe 
 .text          0x0000000000003ff0       0x77 rtosal_taskap.o64
                0x0000000000003ff0                RtosAlTask_01_TaskEntry
                0x0000000000004000                RtosAlTask_01_TaskExit
 *fill*         0x0000000000004067        0x9 
 .text          0x0000000000004070      0x24b rtosal_simengineap.o64
                0x0000000000004070                _Z12RtosAlOnInitR16DsCErrorListPool
                0x0000000000004140                _Z13RtosAlOnStartR16DsCErrorListPool
 .text          0x00000000000042bb        0x0 IOCode_Data.o64
 *fill*         0x00000000000042bb        0x5 
 .text          0x00000000000042c0      0x126 dssimengine_accesspoint_Voltage_In.o64
                0x00000000000042c0                _Z48ApSimEngineRunTimeInit_ctlcBODY_0_Voltage_In_i1_R16DsCErrorListPool
                0x00000000000042e0                _Z46ApSimEngineOnStartIo_ctlcBODY_0_Voltage_In_i1_R16DsCErrorListPool
                0x0000000000004300                _Z56ApSimEngineOnInitIoPreRtosInit_ctlcBODY_2_Voltage_In_i1_R16DsCErrorListPoolP14DsCApplication
                0x0000000000004320                _Z57ApSimEngineOnInitIoPostRtosInit_ctlcBODY_0_Voltage_In_i1_R16DsCErrorListPool
 *fill*         0x00000000000043e6        0xa 
 .text          0x00000000000043f0      0x108 dssimengine_accesspoint_Voltage_Out.o64
                0x00000000000043f0                _Z49ApSimEngineRunTimeInit_ctlcBODY_0_Voltage_Out_i1_R16DsCErrorListPool
                0x0000000000004410                _Z47ApSimEngineOnStartIo_ctlcBODY_0_Voltage_Out_i1_R16DsCErrorListPool
                0x0000000000004430                _Z46ApSimEngineOnStopIo_ctlcBODY_0_Voltage_Out_i1_R16DsCErrorListPool
                0x0000000000004450                _Z57ApSimEngineOnInitIoPreRtosInit_ctlcBODY_2_Voltage_Out_i1_R16DsCErrorListPoolP14DsCApplication
                0x0000000000004470                _Z58ApSimEngineOnInitIoPostRtosInit_ctlcBODY_0_Voltage_Out_i1_R16DsCErrorListPool
 *fill*         0x00000000000044f8        0x8 
 .text          0x0000000000004500      0x129 C:\Users\MURTI\AppData\Local\Temp\dSPACE\CfgDesk\AppCache\1\Build\AnalogSignal1\Compile\AnalogSignal1\AnalogSignal1.a(AnalogSignal1_dsrtmdlfcn.o64)
                0x0000000000004500                AnalogSignal1_DSRTCheckForErrorStatus
                0x0000000000004550                AnalogSignal1_DSRTInitMdl
                0x0000000000004580                AnalogSignal1_DSRTStartMdl
                0x00000000000045b0                AnalogSignal1_DSRTStopMdl
                0x00000000000045d0                AnalogSignal1_DSRTCheckForSimulationStopCondition
 *fill*         0x0000000000004629        0x7 
 .text          0x0000000000004630       0x16 C:\Users\MURTI\AppData\Local\Temp\dSPACE\CfgDesk\AppCache\1\Build\AnalogSignal1\Compile\AnalogSignal1\AnalogSignal1.a(AnalogSignal1_dsrttf.o64)
                0x0000000000004630                AnalogSignal1_DSRTMdlOutputs0
                0x0000000000004640                AnalogSignal1_DSRTMdlUpdate0
 *fill*         0x0000000000004646        0xa 
 .text          0x0000000000004650       0x91 C:\Users\MURTI\AppData\Local\Temp\dSPACE\CfgDesk\AppCache\1\Build\AnalogSignal1\Compile\AnalogSignal1\AnalogSignal1.a(AnalogSignal1.o64)
                0x0000000000004650                AnalogSignal1_output
                0x0000000000004690                AnalogSignal1_update
                0x00000000000046a0                AnalogSignal1_initialize
                0x00000000000046e0                AnalogSignal1_terminate
 .text          0x00000000000046e1        0x0 C:\Users\MURTI\AppData\Local\Temp\dSPACE\CfgDesk\AppCache\1\Build\AnalogSignal1\Compile\AnalogSignal1\AnalogSignal1.a(AnalogSignal1_data.o64)
 *fill*         0x00000000000046e1        0xf 
 .text          0x00000000000046f0       0x3c C:\Users\MURTI\AppData\Local\Temp\dSPACE\CfgDesk\AppCache\1\Build\AnalogSignal1\Compile\AnalogSignal1\AnalogSignal1.a(AnalogSignal1_dsrtvdf.o64)
                0x0000000000004720                AnalogSignal1_rti_init_trc_pointers
 *fill*         0x000000000000472c        0x4 
 .text          0x0000000000004730       0x61 C:\Program Files\dSPACE RCPHIL 2023-B\Compiler\Linux_4.14_GCC_10.3\target\x86_64-linux-gnu\lib\libc_nonshared.a(elf-init.oS)
                0x0000000000004730                __libc_csu_init
                0x0000000000004790                __libc_csu_fini
 .text          0x0000000000004791        0x0 c:/program files/dspace rcphil 2023-b/compiler/linux_4.14_gcc_10.3/target/x86_64-linux-gnu/bin/../lib/gcc/x86_64-linux-gnu/10.3.0/crtendS.o
 .text          0x0000000000004791        0x0 c:/program files/dspace rcphil 2023-b/compiler/linux_4.14_gcc_10.3/target/x86_64-linux-gnu/bin/../../x86_64-linux-gnu/lib/crtn.o
 *(.gnu.warning)

.fini           0x0000000000004794        0xe
 *(SORT_NONE(.fini))
 .fini          0x0000000000004794        0x4 c:/program files/dspace rcphil 2023-b/compiler/linux_4.14_gcc_10.3/target/x86_64-linux-gnu/bin/../../x86_64-linux-gnu/lib/crti.o
                0x0000000000004794                _fini
 .fini          0x0000000000004798        0x5 c:/program files/dspace rcphil 2023-b/compiler/linux_4.14_gcc_10.3/target/x86_64-linux-gnu/bin/../lib/gcc/x86_64-linux-gnu/10.3.0/crtbeginS.o
 .fini          0x000000000000479d        0x5 c:/program files/dspace rcphil 2023-b/compiler/linux_4.14_gcc_10.3/target/x86_64-linux-gnu/bin/../../x86_64-linux-gnu/lib/crtn.o
                [!provide]                        PROVIDE (__etext = .)
                [!provide]                        PROVIDE (_etext = .)
                [!provide]                        PROVIDE (etext = .)
                0x0000000000005000                . = ALIGN (CONSTANT (MAXPAGESIZE))
                0x0000000000005000                . = SEGMENT_START ("rodata-segment", (ALIGN (CONSTANT (MAXPAGESIZE)) + (. & (CONSTANT (MAXPAGESIZE) - 0x1))))

.rodata         0x0000000000005000      0x2c4
 *(.rodata .rodata.* .gnu.linkonce.r.*)
 .rodata.cst4   0x0000000000005000        0x4 c:/program files/dspace rcphil 2023-b/compiler/linux_4.14_gcc_10.3/target/x86_64-linux-gnu/bin/../../x86_64-linux-gnu/lib/Scrt1.o
                0x0000000000005000                _IO_stdin_used
 *fill*         0x0000000000005004        0x4 
 .rodata        0x0000000000005008        0x8 dssimengine_accesspoint.o64
 .rodata._ZTS18DsCApplicationMain
                0x0000000000005010       0x15 dssimengine_main.o64
                0x0000000000005010                _ZTS18DsCApplicationMain
 .rodata.str1.1
                0x0000000000005025       0x2a dssimengine_main.o64
 .rodata.str1.1
                0x000000000000504f       0x38 rtosal_task.o64
 *fill*         0x0000000000005087        0x1 
 .rodata.str1.8
                0x0000000000005088       0xee rtosal_task.o64
 *fill*         0x0000000000005176        0xa 
 .rodata._ZTS24DsCRtosAlPeriodic_Task_1
                0x0000000000005180       0x1b rtosal_task.o64
                0x0000000000005180                _ZTS24DsCRtosAlPeriodic_Task_1
 *fill*         0x000000000000519b        0x5 
 .rodata.cst8   0x00000000000051a0        0x8 rtosal_taskap.o64
 .rodata.str1.8
                0x00000000000051a8       0x62 rtosal_simengineap.o64
 .rodata.str1.1
                0x000000000000520a       0x44 rtosal_simengineap.o64
 *fill*         0x000000000000524e        0x2 
 .rodata.cst8   0x0000000000005250        0x8 rtosal_simengineap.o64
                                         0x10 (size before relaxing)
 .rodata.str1.1
                0x0000000000005258        0xe IOCode_Data.o64
 .rodata.str1.1
                0x0000000000005266        0xf dssimengine_accesspoint_Voltage_In.o64
 .rodata.str1.1
                0x0000000000005275       0x10 dssimengine_accesspoint_Voltage_Out.o64
 .rodata.str1.1
                0x0000000000005285       0x14 C:\Users\MURTI\AppData\Local\Temp\dSPACE\CfgDesk\AppCache\1\Build\AnalogSignal1\Compile\AnalogSignal1\AnalogSignal1.a(AnalogSignal1_dsrtmdlfcn.o64)
 *fill*         0x0000000000005299        0x7 
 .rodata.str1.8
                0x00000000000052a0       0x24 C:\Users\MURTI\AppData\Local\Temp\dSPACE\CfgDesk\AppCache\1\Build\AnalogSignal1\Compile\AnalogSignal1\AnalogSignal1.a(AnalogSignal1_dsrtmdlfcn.o64)

.rodata1
 *(.rodata1)

.eh_frame_hdr   0x00000000000052c4      0x334
 *(.eh_frame_hdr)
 .eh_frame_hdr  0x00000000000052c4      0x334 c:/program files/dspace rcphil 2023-b/compiler/linux_4.14_gcc_10.3/target/x86_64-linux-gnu/bin/../../x86_64-linux-gnu/lib/Scrt1.o
                0x00000000000052c4                __GNU_EH_FRAME_HDR
 *(.eh_frame_entry .eh_frame_entry.*)

.eh_frame       0x00000000000055f8      0xcb0
 *(.eh_frame)
 .eh_frame      0x00000000000055f8       0x30 c:/program files/dspace rcphil 2023-b/compiler/linux_4.14_gcc_10.3/target/x86_64-linux-gnu/bin/../../x86_64-linux-gnu/lib/Scrt1.o
                                         0x2c (size before relaxing)
 *fill*         0x0000000000005628        0x0 
 .eh_frame      0x0000000000005628       0x40 c:/program files/dspace rcphil 2023-b/compiler/linux_4.14_gcc_10.3/target/x86_64-linux-gnu/bin/../../x86_64-linux-gnu/lib/Scrt1.o
 .eh_frame      0x0000000000005668       0x18 c:/program files/dspace rcphil 2023-b/compiler/linux_4.14_gcc_10.3/target/x86_64-linux-gnu/bin/../../x86_64-linux-gnu/lib/Scrt1.o
                                         0x30 (size before relaxing)
 .eh_frame      0x0000000000005680       0x58 mdladapter_mdlfunctions.o64
                                         0x70 (size before relaxing)
 .eh_frame      0x00000000000056d8       0x28 data_in_ap.o64
                                         0x40 (size before relaxing)
 .eh_frame      0x0000000000005700       0x28 data_out_ap.o64
                                         0x40 (size before relaxing)
 .eh_frame      0x0000000000005728       0x18 fm_entry_ap.o64
                                         0x30 (size before relaxing)
 .eh_frame      0x0000000000005740       0x18 fm_exit_ap.o64
                                         0x30 (size before relaxing)
 .eh_frame      0x0000000000005758      0x3a0 dssimengine_accesspoint.o64
                                        0x3b8 (size before relaxing)
 .eh_frame      0x0000000000005af8       0x58 dssimengine_api.o64
                                         0x70 (size before relaxing)
 .eh_frame      0x0000000000005b50      0x1b8 dssimengine_main.o64
                                        0x1d0 (size before relaxing)
 .eh_frame      0x0000000000005d08      0x1e0 rtosal_task.o64
                                        0x218 (size before relaxing)
 .eh_frame      0x0000000000005ee8       0x30 rtosal_taskap.o64
                                         0x48 (size before relaxing)
 .eh_frame      0x0000000000005f18       0xb8 rtosal_simengineap.o64
                                         0xd0 (size before relaxing)
 .eh_frame      0x0000000000005fd0       0x18 IOCode_Data.o64
                                         0x30 (size before relaxing)
 .eh_frame      0x0000000000005fe8       0x70 dssimengine_accesspoint_Voltage_In.o64
                                         0x88 (size before relaxing)
 .eh_frame      0x0000000000006058       0x80 dssimengine_accesspoint_Voltage_Out.o64
                                         0x98 (size before relaxing)
 .eh_frame      0x00000000000060d8       0xa8 C:\Users\MURTI\AppData\Local\Temp\dSPACE\CfgDesk\AppCache\1\Build\AnalogSignal1\Compile\AnalogSignal1\AnalogSignal1.a(AnalogSignal1_dsrtmdlfcn.o64)
                                         0xc0 (size before relaxing)
 .eh_frame      0x0000000000006180       0x28 C:\Users\MURTI\AppData\Local\Temp\dSPACE\CfgDesk\AppCache\1\Build\AnalogSignal1\Compile\AnalogSignal1\AnalogSignal1.a(AnalogSignal1_dsrttf.o64)
                                         0x40 (size before relaxing)
 .eh_frame      0x00000000000061a8       0x60 C:\Users\MURTI\AppData\Local\Temp\dSPACE\CfgDesk\AppCache\1\Build\AnalogSignal1\Compile\AnalogSignal1\AnalogSignal1.a(AnalogSignal1.o64)
                                         0x78 (size before relaxing)
 .eh_frame      0x0000000000006208       0x40 C:\Users\MURTI\AppData\Local\Temp\dSPACE\CfgDesk\AppCache\1\Build\AnalogSignal1\Compile\AnalogSignal1\AnalogSignal1.a(AnalogSignal1_dsrtvdf.o64)
                                         0x58 (size before relaxing)
 .eh_frame      0x0000000000006248       0x5c C:\Program Files\dSPACE RCPHIL 2023-B\Compiler\Linux_4.14_GCC_10.3\target\x86_64-linux-gnu\lib\libc_nonshared.a(elf-init.oS)
                                         0x78 (size before relaxing)
 .eh_frame      0x00000000000062a4        0x4 c:/program files/dspace rcphil 2023-b/compiler/linux_4.14_gcc_10.3/target/x86_64-linux-gnu/bin/../lib/gcc/x86_64-linux-gnu/10.3.0/crtendS.o
 *(.eh_frame.*)

.gcc_except_table
                0x00000000000062a8       0x2a
 *(.gcc_except_table .gcc_except_table.*)
 .gcc_except_table
                0x00000000000062a8       0x14 dssimengine_main.o64
 .gcc_except_table
                0x00000000000062bc       0x16 rtosal_task.o64

.gnu_extab
 *(.gnu_extab*)

.exception_ranges
 *(.exception_ranges*)
                0x0000000000007ab0                . = DATA_SEGMENT_ALIGN (CONSTANT (MAXPAGESIZE), CONSTANT (COMMONPAGESIZE))

.eh_frame
 *(.eh_frame)
 *(.eh_frame.*)

.gnu_extab
 *(.gnu_extab)

.gcc_except_table
 *(.gcc_except_table .gcc_except_table.*)

.exception_ranges
 *(.exception_ranges*)

.tdata          0x0000000000007ab0        0x0
                [!provide]                        PROVIDE (__tdata_start = .)
 *(.tdata .tdata.* .gnu.linkonce.td.*)

.tbss
 *(.tbss .tbss.* .gnu.linkonce.tb.*)
 *(.tcommon)

.preinit_array  0x0000000000007ab0        0x0
                [!provide]                        PROVIDE (__preinit_array_start = .)
 *(.preinit_array)
                [!provide]                        PROVIDE (__preinit_array_end = .)

.init_array     0x0000000000007ab0       0x28
                0x0000000000007ab0                PROVIDE (__init_array_start = .)
 *(SORT_BY_INIT_PRIORITY(.init_array.*) SORT_BY_INIT_PRIORITY(.ctors.*))
 *(.init_array EXCLUDE_FILE(*crtend?.o *crtend.o *crtbegin?.o *crtbegin.o) .ctors)
 .init_array    0x0000000000007ab0        0x8 c:/program files/dspace rcphil 2023-b/compiler/linux_4.14_gcc_10.3/target/x86_64-linux-gnu/bin/../lib/gcc/x86_64-linux-gnu/10.3.0/crtbeginS.o
 .ctors         0x0000000000007ab8       0x10 dssimengine_main.o64
 .ctors         0x0000000000007ac8        0x8 rtosal_simengineap.o64
 .ctors         0x0000000000007ad0        0x8 IOCode_Data.o64
                0x0000000000007ad8                PROVIDE (__init_array_end = .)

.fini_array     0x0000000000007ad8        0x0
                [!provide]                        PROVIDE (__fini_array_start = .)
 *(SORT_BY_INIT_PRIORITY(.fini_array.*) SORT_BY_INIT_PRIORITY(.dtors.*))
 *(.fini_array EXCLUDE_FILE(*crtend?.o *crtend.o *crtbegin?.o *crtbegin.o) .dtors)
                [!provide]                        PROVIDE (__fini_array_end = .)

.ctors          0x0000000000007ad8       0x10
 *crtbegin.o(.ctors)
 *crtbegin?.o(.ctors)
 .ctors         0x0000000000007ad8        0x8 c:/program files/dspace rcphil 2023-b/compiler/linux_4.14_gcc_10.3/target/x86_64-linux-gnu/bin/../lib/gcc/x86_64-linux-gnu/10.3.0/crtbeginS.o
 *(EXCLUDE_FILE(*crtend?.o *crtend.o) .ctors)
 *(SORT_BY_NAME(.ctors.*))
 *(.ctors)
 .ctors         0x0000000000007ae0        0x8 c:/program files/dspace rcphil 2023-b/compiler/linux_4.14_gcc_10.3/target/x86_64-linux-gnu/bin/../lib/gcc/x86_64-linux-gnu/10.3.0/crtendS.o

.dtors          0x0000000000007ae8       0x10
 *crtbegin.o(.dtors)
 *crtbegin?.o(.dtors)
 .dtors         0x0000000000007ae8        0x8 c:/program files/dspace rcphil 2023-b/compiler/linux_4.14_gcc_10.3/target/x86_64-linux-gnu/bin/../lib/gcc/x86_64-linux-gnu/10.3.0/crtbeginS.o
 *(EXCLUDE_FILE(*crtend?.o *crtend.o) .dtors)
 *(SORT_BY_NAME(.dtors.*))
 *(.dtors)
 .dtors         0x0000000000007af0        0x8 c:/program files/dspace rcphil 2023-b/compiler/linux_4.14_gcc_10.3/target/x86_64-linux-gnu/bin/../lib/gcc/x86_64-linux-gnu/10.3.0/crtendS.o
                0x0000000000007af0                __DTOR_END__

.jcr
 *(.jcr)

.data.rel.ro    0x0000000000007af8       0xb8
 *(.data.rel.ro.local* .gnu.linkonce.d.rel.ro.local.*)
 .data.rel.ro.local
                0x0000000000007af8        0x8 C:\Users\MURTI\AppData\Local\Temp\dSPACE\CfgDesk\AppCache\1\Build\AnalogSignal1\Compile\AnalogSignal1\AnalogSignal1.a(AnalogSignal1.o64)
                0x0000000000007af8                AnalogSignal1_M
 *(.data.rel.ro .data.rel.ro.* .gnu.linkonce.d.rel.ro.*)
 .data.rel.ro   0x0000000000007b00        0x0 c:/program files/dspace rcphil 2023-b/compiler/linux_4.14_gcc_10.3/target/x86_64-linux-gnu/bin/../../x86_64-linux-gnu/lib/Scrt1.o
 .data.rel.ro._ZTI18DsCApplicationMain
                0x0000000000007b00       0x18 dssimengine_main.o64
                0x0000000000007b00                _ZTI18DsCApplicationMain
 .data.rel.ro._ZTV18DsCApplicationMain
                0x0000000000007b18       0x50 dssimengine_main.o64
                0x0000000000007b18                _ZTV18DsCApplicationMain
 .data.rel.ro._ZTI24DsCRtosAlPeriodic_Task_1
                0x0000000000007b68       0x18 rtosal_task.o64
                0x0000000000007b68                _ZTI24DsCRtosAlPeriodic_Task_1
 .data.rel.ro._ZTV24DsCRtosAlPeriodic_Task_1
                0x0000000000007b80       0x30 rtosal_task.o64
                0x0000000000007b80                _ZTV24DsCRtosAlPeriodic_Task_1

.dynamic        0x0000000000007bb0      0x270
 *(.dynamic)
 .dynamic       0x0000000000007bb0      0x270 c:/program files/dspace rcphil 2023-b/compiler/linux_4.14_gcc_10.3/target/x86_64-linux-gnu/bin/../../x86_64-linux-gnu/lib/Scrt1.o
                0x0000000000007bb0                _DYNAMIC

.got            0x0000000000007e20      0x1e0
 *(.got)
 .got           0x0000000000007e20      0x1e0 c:/program files/dspace rcphil 2023-b/compiler/linux_4.14_gcc_10.3/target/x86_64-linux-gnu/bin/../../x86_64-linux-gnu/lib/Scrt1.o
 *(.igot)
                0x0000000000008fe8                . = DATA_SEGMENT_RELRO_END (., (SIZEOF (.got.plt) >= 0x18)?0x18:0x0)

.got.plt        0x0000000000008000       0x18
 *(.got.plt)
 .got.plt       0x0000000000008000       0x18 c:/program files/dspace rcphil 2023-b/compiler/linux_4.14_gcc_10.3/target/x86_64-linux-gnu/bin/../../x86_64-linux-gnu/lib/Scrt1.o
                0x0000000000008000                _GLOBAL_OFFSET_TABLE_
 *(.igot.plt)

.data           0x0000000000008020       0xf0
 *(.data .data.* .gnu.linkonce.d.*)
 .data          0x0000000000008020        0x4 c:/program files/dspace rcphil 2023-b/compiler/linux_4.14_gcc_10.3/target/x86_64-linux-gnu/bin/../../x86_64-linux-gnu/lib/Scrt1.o
                0x0000000000008020                __data_start
                0x0000000000008020                data_start
 .data          0x0000000000008024        0x0 c:/program files/dspace rcphil 2023-b/compiler/linux_4.14_gcc_10.3/target/x86_64-linux-gnu/bin/../../x86_64-linux-gnu/lib/crti.o
 .data          0x0000000000008024        0x0 c:/program files/dspace rcphil 2023-b/compiler/linux_4.14_gcc_10.3/target/x86_64-linux-gnu/bin/../lib/gcc/x86_64-linux-gnu/10.3.0/crtbeginS.o
 *fill*         0x0000000000008024        0x4 
 .data.rel.local
                0x0000000000008028        0x8 c:/program files/dspace rcphil 2023-b/compiler/linux_4.14_gcc_10.3/target/x86_64-linux-gnu/bin/../lib/gcc/x86_64-linux-gnu/10.3.0/crtbeginS.o
                0x0000000000008028                __dso_handle
 .data          0x0000000000008030        0x0 mdladapter_mdlfunctions.o64
 .data          0x0000000000008030        0x0 mdlCode_ap.o64
 .data          0x0000000000008030        0x0 data_in_ap.o64
 .data          0x0000000000008030        0x0 data_out_ap.o64
 .data          0x0000000000008030        0x0 fm_entry_ap.o64
 .data          0x0000000000008030        0x0 fm_exit_ap.o64
 .data          0x0000000000008030        0x1 dssimengine_accesspoint.o64
                0x0000000000008030                isFirstSimulation
 .data          0x0000000000008031        0x0 dssimengine_api.o64
 *fill*         0x0000000000008031        0x3 
 .data          0x0000000000008034        0xc dssimengine_main.o64
                0x0000000000008034                DsFwIfVersion
                0x0000000000008038                DsApplIfVersion
                0x000000000000803c                SimEngineLastApplState
 .data.rel      0x0000000000008040       0x58 dssimengine_main.o64
                0x0000000000008040                ApplInfoDsCApplicationMain
 .data.rel.local.DW.ref.__gxx_personality_v0
                0x0000000000008098        0x8 dssimengine_main.o64
                0x0000000000008098                DW.ref.__gxx_personality_v0
 .data          0x00000000000080a0        0x0 rtosal_task.o64
 .data          0x00000000000080a0        0x0 rtosal_taskap.o64
 .data          0x00000000000080a0       0x10 rtosal_simengineap.o64
                0x00000000000080a0                ScalingFactor
                0x00000000000080a8                g_dsrtt_comm_enabled
 *fill*         0x00000000000080b0       0x10 
 .data          0x00000000000080c0       0x44 IOCode_Data.o64
                0x00000000000080c0                g_ResourceMap
 .data          0x0000000000008104        0x0 dssimengine_accesspoint_Voltage_In.o64
 .data          0x0000000000008104        0x0 dssimengine_accesspoint_Voltage_Out.o64
 .data          0x0000000000008104        0x0 C:\Users\MURTI\AppData\Local\Temp\dSPACE\CfgDesk\AppCache\1\Build\AnalogSignal1\Compile\AnalogSignal1\AnalogSignal1.a(AnalogSignal1_dsrtmdlfcn.o64)
 .data          0x0000000000008104        0x0 C:\Users\MURTI\AppData\Local\Temp\dSPACE\CfgDesk\AppCache\1\Build\AnalogSignal1\Compile\AnalogSignal1\AnalogSignal1.a(AnalogSignal1_dsrttf.o64)
 .data          0x0000000000008104        0x0 C:\Users\MURTI\AppData\Local\Temp\dSPACE\CfgDesk\AppCache\1\Build\AnalogSignal1\Compile\AnalogSignal1\AnalogSignal1.a(AnalogSignal1.o64)
 *fill*         0x0000000000008104        0x4 
 .data          0x0000000000008108        0x8 C:\Users\MURTI\AppData\Local\Temp\dSPACE\CfgDesk\AppCache\1\Build\AnalogSignal1\Compile\AnalogSignal1\AnalogSignal1.a(AnalogSignal1_data.o64)
                0x0000000000008108                AnalogSignal1_P
 .data          0x0000000000008110        0x0 C:\Users\MURTI\AppData\Local\Temp\dSPACE\CfgDesk\AppCache\1\Build\AnalogSignal1\Compile\AnalogSignal1\AnalogSignal1.a(AnalogSignal1_dsrtvdf.o64)
 .data          0x0000000000008110        0x0 C:\Program Files\dSPACE RCPHIL 2023-B\Compiler\Linux_4.14_GCC_10.3\target\x86_64-linux-gnu\lib\libc_nonshared.a(elf-init.oS)
 .data          0x0000000000008110        0x0 c:/program files/dspace rcphil 2023-b/compiler/linux_4.14_gcc_10.3/target/x86_64-linux-gnu/bin/../lib/gcc/x86_64-linux-gnu/10.3.0/crtendS.o
 .data          0x0000000000008110        0x0 c:/program files/dspace rcphil 2023-b/compiler/linux_4.14_gcc_10.3/target/x86_64-linux-gnu/bin/../../x86_64-linux-gnu/lib/crtn.o

.tm_clone_table
                0x0000000000008110        0x0
 .tm_clone_table
                0x0000000000008110        0x0 c:/program files/dspace rcphil 2023-b/compiler/linux_4.14_gcc_10.3/target/x86_64-linux-gnu/bin/../lib/gcc/x86_64-linux-gnu/10.3.0/crtbeginS.o
 .tm_clone_table
                0x0000000000008110        0x0 c:/program files/dspace rcphil 2023-b/compiler/linux_4.14_gcc_10.3/target/x86_64-linux-gnu/bin/../lib/gcc/x86_64-linux-gnu/10.3.0/crtendS.o

.data1
 *(.data1)
                0x0000000000008110                _edata = .
                [!provide]                        PROVIDE (edata = .)
                0x0000000000008110                . = .
                0x0000000000008110                __bss_start = .

.bss            0x0000000000008120      0x1c0
 *(.dynbss)
 .dynbss        0x0000000000008120        0x0 c:/program files/dspace rcphil 2023-b/compiler/linux_4.14_gcc_10.3/target/x86_64-linux-gnu/bin/../../x86_64-linux-gnu/lib/Scrt1.o
 *(.bss .bss.* .gnu.linkonce.b.*)
 .bss           0x0000000000008120        0x0 c:/program files/dspace rcphil 2023-b/compiler/linux_4.14_gcc_10.3/target/x86_64-linux-gnu/bin/../../x86_64-linux-gnu/lib/Scrt1.o
 .bss           0x0000000000008120        0x0 c:/program files/dspace rcphil 2023-b/compiler/linux_4.14_gcc_10.3/target/x86_64-linux-gnu/bin/../../x86_64-linux-gnu/lib/crti.o
 .bss           0x0000000000008120       0x10 c:/program files/dspace rcphil 2023-b/compiler/linux_4.14_gcc_10.3/target/x86_64-linux-gnu/bin/../lib/gcc/x86_64-linux-gnu/10.3.0/crtbeginS.o
 .bss           0x0000000000008130        0x0 mdladapter_mdlfunctions.o64
 .bss           0x0000000000008130        0x0 mdlCode_ap.o64
 .bss           0x0000000000008130        0x0 data_in_ap.o64
 .bss           0x0000000000008130        0x0 data_out_ap.o64
 .bss           0x0000000000008130        0x0 fm_entry_ap.o64
 .bss           0x0000000000008130        0x0 fm_exit_ap.o64
 .bss           0x0000000000008130       0x88 dssimengine_accesspoint.o64
                0x0000000000008130                xilApiEesPortTrigger
                0x0000000000008138                xilApiEesPortFlags
                0x0000000000008140                pXilApiEesPortFsxErrorSwitching
                0x0000000000008148                pXilApiEesPortFsxErrorActivated
                0x0000000000008150                pXilApiEesPortFsxActiveErrorSet
                0x0000000000008158                pXilApiEesPortErrorSwitching
                0x0000000000008160                pXilApiEesPortErrorActivated
                0x0000000000008168                pXilApiEesPortActiveErrorSet
                0x0000000000008170                pFailureSimulationRelaySwitching
                0x0000000000008178                pFailureSimulationSequenceCount
                0x0000000000008180                pFailureSimulationFailureActivated
                0x0000000000008188                pFailureSimulationFailureConfigured
                0x0000000000008190                pFailureSimulationClientConnected
                0x0000000000008198                pAppMaximumMemoryUsage
                0x00000000000081a0                pAppCurrentMemoryUsage
                0x00000000000081a8                pFuseRestoreRequest
                0x00000000000081b0                pFuseActualStatus
 .bss           0x00000000000081b8        0x0 dssimengine_api.o64
 .bss           0x00000000000081b8       0x10 dssimengine_main.o64
                0x00000000000081b8                _ZN18DsCApplicationMain11s_pInstanceE
                0x00000000000081c0                ErrorList
 .bss           0x00000000000081c8       0x28 rtosal_task.o64
                0x00000000000081c8                StepCounter_Periodic_Task_1
                0x00000000000081d0                RtosAlTaskSimTime_Periodic_Task_1
                0x00000000000081d8                pRtosAlTimer_Periodic_Task_1
                0x00000000000081e0                pRtosAlPeriodic_Task_1
                0x00000000000081e8                _ZN24DsCRtosAlPeriodic_Task_111m_pInstanceE
 .bss           0x00000000000081f0        0x0 rtosal_taskap.o64
 *fill*         0x00000000000081f0       0x10 
 .bss           0x0000000000008200       0x58 rtosal_simengineap.o64
                0x0000000000008200                Periodic_Task_1Vars_OvnCounter
                0x0000000000008200                Periodic_Task_1Vars
                0x0000000000008208                Periodic_Task_1Vars_TurnaroundTime
                0x0000000000008210                Periodic_Task_1Vars_Calls
                0x0000000000008218                Periodic_Task_1Vars_QueueCounter
                0x0000000000008220                Periodic_Task_1Vars_AbsoluteTime
                0x0000000000008250                ScaledTimeInterval
 .bss           0x0000000000008258       0x58 IOCode_Data.o64
                0x0000000000008258                analogsignal1_fcnModule_SIDRoot_TID0
                0x0000000000008260                voltage_Out_1_Voltage_TA_Replacevalue
                0x0000000000008268                voltage_Out_1_Voltage_TA_Switchvalue
                0x0000000000008270                voltage_Out_1_Voltage_IO_Signal
                0x0000000000008278                voltage_Out_1_Voltage_MDL_Signal
                0x0000000000008280                voltage_In_1_Voltage_TA_Replacevalue
                0x0000000000008288                voltage_In_1_Voltage_TA_Switchvalue
                0x0000000000008290                voltage_In_1_Voltage_IO_Signal
                0x0000000000008298                voltage_In_1_Voltage_MDL_Signal
                0x00000000000082a0                pVoltage_Out_1_DriverHandle
                0x00000000000082a8                pVoltage_In_1_DriverHandle
 .bss           0x00000000000082b0        0x0 dssimengine_accesspoint_Voltage_In.o64
 .bss           0x00000000000082b0        0x0 dssimengine_accesspoint_Voltage_Out.o64
 .bss           0x00000000000082b0        0x4 C:\Users\MURTI\AppData\Local\Temp\dSPACE\CfgDesk\AppCache\1\Build\AnalogSignal1\Compile\AnalogSignal1\AnalogSignal1.a(AnalogSignal1_dsrtmdlfcn.o64)
                0x00000000000082b0                DSRTStopSimulation
 .bss           0x00000000000082b4        0x0 C:\Users\MURTI\AppData\Local\Temp\dSPACE\CfgDesk\AppCache\1\Build\AnalogSignal1\Compile\AnalogSignal1\AnalogSignal1.a(AnalogSignal1_dsrttf.o64)
 *fill*         0x00000000000082b4        0x4 
 .bss           0x00000000000082b8       0x18 C:\Users\MURTI\AppData\Local\Temp\dSPACE\CfgDesk\AppCache\1\Build\AnalogSignal1\Compile\AnalogSignal1\AnalogSignal1.a(AnalogSignal1.o64)
                0x00000000000082b8                AnalogSignal1_DW
                0x00000000000082c0                AnalogSignal1_B
 .bss           0x00000000000082d0        0x0 C:\Users\MURTI\AppData\Local\Temp\dSPACE\CfgDesk\AppCache\1\Build\AnalogSignal1\Compile\AnalogSignal1\AnalogSignal1.a(AnalogSignal1_data.o64)
 .bss           0x00000000000082d0       0x10 C:\Users\MURTI\AppData\Local\Temp\dSPACE\CfgDesk\AppCache\1\Build\AnalogSignal1\Compile\AnalogSignal1\AnalogSignal1.a(AnalogSignal1_dsrtvdf.o64)
                0x00000000000082d0                p_0_AnalogSignal1_real_T_0
                0x00000000000082d8                p_1_AnalogSignal1_real_T_0
 .bss           0x00000000000082e0        0x0 C:\Program Files\dSPACE RCPHIL 2023-B\Compiler\Linux_4.14_GCC_10.3\target\x86_64-linux-gnu\lib\libc_nonshared.a(elf-init.oS)
 .bss           0x00000000000082e0        0x0 c:/program files/dspace rcphil 2023-b/compiler/linux_4.14_gcc_10.3/target/x86_64-linux-gnu/bin/../lib/gcc/x86_64-linux-gnu/10.3.0/crtendS.o
 .bss           0x00000000000082e0        0x0 c:/program files/dspace rcphil 2023-b/compiler/linux_4.14_gcc_10.3/target/x86_64-linux-gnu/bin/../../x86_64-linux-gnu/lib/crtn.o
 *(COMMON)
                0x00000000000082e0                . = ALIGN ((. != 0x0)?0x8:0x1)

.lbss
 *(.dynlbss)
 *(.lbss .lbss.* .gnu.linkonce.lb.*)
 *(LARGE_COMMON)
                0x00000000000082e0                . = ALIGN (0x8)
                0x00000000000082e0                . = SEGMENT_START ("ldata-segment", .)

.lrodata
 *(.lrodata .lrodata.* .gnu.linkonce.lr.*)

.ldata          0x000000000000a2e0        0x0
 *(.ldata .ldata.* .gnu.linkonce.l.*)
                0x000000000000a2e0                . = ALIGN ((. != 0x0)?0x8:0x1)
                0x000000000000a2e0                . = ALIGN (0x8)
                0x00000000000082e0                _end = .
                [!provide]                        PROVIDE (end = .)
                0x000000000000a2e0                . = DATA_SEGMENT_END (.)

.stab
 *(.stab)

.stabstr
 *(.stabstr)

.stab.excl
 *(.stab.excl)

.stab.exclstr
 *(.stab.exclstr)

.stab.index
 *(.stab.index)

.stab.indexstr
 *(.stab.indexstr)

.comment        0x0000000000000000       0x3c
 *(.comment)
 .comment       0x0000000000000000       0x12 c:/program files/dspace rcphil 2023-b/compiler/linux_4.14_gcc_10.3/target/x86_64-linux-gnu/bin/../../x86_64-linux-gnu/lib/Scrt1.o
                                         0x26 (size before relaxing)
 .comment       0x0000000000000012       0x2a c:/program files/dspace rcphil 2023-b/compiler/linux_4.14_gcc_10.3/target/x86_64-linux-gnu/bin/../lib/gcc/x86_64-linux-gnu/10.3.0/crtbeginS.o
                                         0x2b (size before relaxing)
 .comment       0x000000000000003c       0x13 mdladapter_mdlfunctions.o64
 .comment       0x000000000000003c       0x13 mdlCode_ap.o64
 .comment       0x000000000000003c       0x13 data_in_ap.o64
 .comment       0x000000000000003c       0x13 data_out_ap.o64
 .comment       0x000000000000003c       0x13 fm_entry_ap.o64
 .comment       0x000000000000003c       0x13 fm_exit_ap.o64
 .comment       0x000000000000003c       0x13 dssimengine_accesspoint.o64
 .comment       0x000000000000003c       0x13 dssimengine_api.o64
 .comment       0x000000000000003c       0x13 dssimengine_main.o64
 .comment       0x000000000000003c       0x13 rtosal_task.o64
 .comment       0x000000000000003c       0x13 rtosal_taskap.o64
 .comment       0x000000000000003c       0x13 rtosal_simengineap.o64
 .comment       0x000000000000003c       0x13 IOCode_Data.o64
 .comment       0x000000000000003c       0x13 dssimengine_accesspoint_Voltage_In.o64
 .comment       0x000000000000003c       0x13 dssimengine_accesspoint_Voltage_Out.o64
 .comment       0x000000000000003c       0x13 C:\Users\MURTI\AppData\Local\Temp\dSPACE\CfgDesk\AppCache\1\Build\AnalogSignal1\Compile\AnalogSignal1\AnalogSignal1.a(AnalogSignal1_dsrtmdlfcn.o64)
 .comment       0x000000000000003c       0x13 C:\Users\MURTI\AppData\Local\Temp\dSPACE\CfgDesk\AppCache\1\Build\AnalogSignal1\Compile\AnalogSignal1\AnalogSignal1.a(AnalogSignal1_dsrttf.o64)
 .comment       0x000000000000003c       0x13 C:\Users\MURTI\AppData\Local\Temp\dSPACE\CfgDesk\AppCache\1\Build\AnalogSignal1\Compile\AnalogSignal1\AnalogSignal1.a(AnalogSignal1.o64)
 .comment       0x000000000000003c       0x13 C:\Users\MURTI\AppData\Local\Temp\dSPACE\CfgDesk\AppCache\1\Build\AnalogSignal1\Compile\AnalogSignal1\AnalogSignal1.a(AnalogSignal1_data.o64)
 .comment       0x000000000000003c       0x13 C:\Users\MURTI\AppData\Local\Temp\dSPACE\CfgDesk\AppCache\1\Build\AnalogSignal1\Compile\AnalogSignal1\AnalogSignal1.a(AnalogSignal1_dsrtvdf.o64)
 .comment       0x000000000000003c       0x13 C:\Program Files\dSPACE RCPHIL 2023-B\Compiler\Linux_4.14_GCC_10.3\target\x86_64-linux-gnu\lib\libc_nonshared.a(elf-init.oS)
 .comment       0x000000000000003c       0x2b c:/program files/dspace rcphil 2023-b/compiler/linux_4.14_gcc_10.3/target/x86_64-linux-gnu/bin/../lib/gcc/x86_64-linux-gnu/10.3.0/crtendS.o

.gnu.build.attributes
 *(.gnu.build.attributes .gnu.build.attributes.*)

.debug
 *(.debug)

.line
 *(.line)

.debug_srcinfo
 *(.debug_srcinfo)

.debug_sfnames
 *(.debug_sfnames)

.debug_aranges  0x0000000000000000      0x120
 *(.debug_aranges)
 .debug_aranges
                0x0000000000000000       0x70 c:/program files/dspace rcphil 2023-b/compiler/linux_4.14_gcc_10.3/target/x86_64-linux-gnu/bin/../../x86_64-linux-gnu/lib/Scrt1.o
 .debug_aranges
                0x0000000000000070       0x40 c:/program files/dspace rcphil 2023-b/compiler/linux_4.14_gcc_10.3/target/x86_64-linux-gnu/bin/../../x86_64-linux-gnu/lib/crti.o
 .debug_aranges
                0x00000000000000b0       0x30 C:\Program Files\dSPACE RCPHIL 2023-B\Compiler\Linux_4.14_GCC_10.3\target\x86_64-linux-gnu\lib\libc_nonshared.a(elf-init.oS)
 .debug_aranges
                0x00000000000000e0       0x40 c:/program files/dspace rcphil 2023-b/compiler/linux_4.14_gcc_10.3/target/x86_64-linux-gnu/bin/../../x86_64-linux-gnu/lib/crtn.o

.debug_pubnames
 *(.debug_pubnames)

.debug_info     0x0000000000000000      0x71c
 *(.debug_info .gnu.linkonce.wi.*)
 .debug_info    0x0000000000000000      0x53f c:/program files/dspace rcphil 2023-b/compiler/linux_4.14_gcc_10.3/target/x86_64-linux-gnu/bin/../../x86_64-linux-gnu/lib/Scrt1.o
 .debug_info    0x000000000000053f       0x22 c:/program files/dspace rcphil 2023-b/compiler/linux_4.14_gcc_10.3/target/x86_64-linux-gnu/bin/../../x86_64-linux-gnu/lib/crti.o
 .debug_info    0x0000000000000561      0x199 C:\Program Files\dSPACE RCPHIL 2023-B\Compiler\Linux_4.14_GCC_10.3\target\x86_64-linux-gnu\lib\libc_nonshared.a(elf-init.oS)
 .debug_info    0x00000000000006fa       0x22 c:/program files/dspace rcphil 2023-b/compiler/linux_4.14_gcc_10.3/target/x86_64-linux-gnu/bin/../../x86_64-linux-gnu/lib/crtn.o

.debug_abbrev   0x0000000000000000      0x2a1
 *(.debug_abbrev)
 .debug_abbrev  0x0000000000000000      0x153 c:/program files/dspace rcphil 2023-b/compiler/linux_4.14_gcc_10.3/target/x86_64-linux-gnu/bin/../../x86_64-linux-gnu/lib/Scrt1.o
 .debug_abbrev  0x0000000000000153       0x12 c:/program files/dspace rcphil 2023-b/compiler/linux_4.14_gcc_10.3/target/x86_64-linux-gnu/bin/../../x86_64-linux-gnu/lib/crti.o
 .debug_abbrev  0x0000000000000165      0x12a C:\Program Files\dSPACE RCPHIL 2023-B\Compiler\Linux_4.14_GCC_10.3\target\x86_64-linux-gnu\lib\libc_nonshared.a(elf-init.oS)
 .debug_abbrev  0x000000000000028f       0x12 c:/program files/dspace rcphil 2023-b/compiler/linux_4.14_gcc_10.3/target/x86_64-linux-gnu/bin/../../x86_64-linux-gnu/lib/crtn.o

.debug_line     0x0000000000000000      0x332
 *(.debug_line .debug_line.* .debug_line_end)
 .debug_line    0x0000000000000000      0x154 c:/program files/dspace rcphil 2023-b/compiler/linux_4.14_gcc_10.3/target/x86_64-linux-gnu/bin/../../x86_64-linux-gnu/lib/Scrt1.o
 .debug_line    0x0000000000000154       0x65 c:/program files/dspace rcphil 2023-b/compiler/linux_4.14_gcc_10.3/target/x86_64-linux-gnu/bin/../../x86_64-linux-gnu/lib/crti.o
 .debug_line    0x00000000000001b9      0x118 C:\Program Files\dSPACE RCPHIL 2023-B\Compiler\Linux_4.14_GCC_10.3\target\x86_64-linux-gnu\lib\libc_nonshared.a(elf-init.oS)
 .debug_line    0x00000000000002d1       0x61 c:/program files/dspace rcphil 2023-b/compiler/linux_4.14_gcc_10.3/target/x86_64-linux-gnu/bin/../../x86_64-linux-gnu/lib/crtn.o

.debug_frame
 *(.debug_frame)

.debug_str      0x0000000000000000      0x4b6
 *(.debug_str)
 .debug_str     0x0000000000000000      0x366 c:/program files/dspace rcphil 2023-b/compiler/linux_4.14_gcc_10.3/target/x86_64-linux-gnu/bin/../../x86_64-linux-gnu/lib/Scrt1.o
                                        0x4e6 (size before relaxing)
 .debug_str     0x0000000000000366       0x19 c:/program files/dspace rcphil 2023-b/compiler/linux_4.14_gcc_10.3/target/x86_64-linux-gnu/bin/../../x86_64-linux-gnu/lib/crti.o
                                         0x51 (size before relaxing)
 .debug_str     0x000000000000037f      0x11e C:\Program Files\dSPACE RCPHIL 2023-B\Compiler\Linux_4.14_GCC_10.3\target\x86_64-linux-gnu\lib\libc_nonshared.a(elf-init.oS)
                                        0x18a (size before relaxing)
 .debug_str     0x000000000000049d       0x19 c:/program files/dspace rcphil 2023-b/compiler/linux_4.14_gcc_10.3/target/x86_64-linux-gnu/bin/../../x86_64-linux-gnu/lib/crtn.o
                                         0x51 (size before relaxing)

.debug_loc      0x0000000000000000      0x16f
 *(.debug_loc)
 .debug_loc     0x0000000000000000      0x16f C:\Program Files\dSPACE RCPHIL 2023-B\Compiler\Linux_4.14_GCC_10.3\target\x86_64-linux-gnu\lib\libc_nonshared.a(elf-init.oS)

.debug_macinfo
 *(.debug_macinfo)

.debug_weaknames
 *(.debug_weaknames)

.debug_funcnames
 *(.debug_funcnames)

.debug_typenames
 *(.debug_typenames)

.debug_varnames
 *(.debug_varnames)

.debug_pubtypes
 *(.debug_pubtypes)

.debug_ranges   0x0000000000000000       0x80
 *(.debug_ranges)
 .debug_ranges  0x0000000000000000       0x40 c:/program files/dspace rcphil 2023-b/compiler/linux_4.14_gcc_10.3/target/x86_64-linux-gnu/bin/../../x86_64-linux-gnu/lib/crti.o
 .debug_ranges  0x0000000000000040       0x40 c:/program files/dspace rcphil 2023-b/compiler/linux_4.14_gcc_10.3/target/x86_64-linux-gnu/bin/../../x86_64-linux-gnu/lib/crtn.o

.debug_macro
 *(.debug_macro)

.debug_addr
 *(.debug_addr)

.gnu.attributes
 *(.gnu.attributes)

/DISCARD/
 *(.note.GNU-stack)
 *(.gnu_debuglink)
 *(.gnu.lto_*)
OUTPUT(AnalogSignal1.x64 elf64-x86-64)
