<*GNU-Linker-generated-mapfile*> 
generated for DSx86_32 platform 
collect2 version 10.3.0
c:/program files/dspace rcphil 2023-b/compiler/linux_4.14_gcc_10.3/target/x86_64-linux-gnu/bin/../lib/gcc/x86_64-linux-gnu/10.3.0/../../../../x86_64-linux-gnu/bin/ld.exe -plugin c:/program files/dspace rcphil 2023-b/compiler/linux_4.14_gcc_10.3/target/x86_64-linux-gnu/bin/../libexec/gcc/x86_64-linux-gnu/10.3.0/liblto_plugin-0.dll -plugin-opt=c:/program files/dspace rcphil 2023-b/compiler/linux_4.14_gcc_10.3/target/x86_64-linux-gnu/bin/../libexec/gcc/x86_64-linux-gnu/10.3.0/lto-wrapper.exe -plugin-opt=-fresolution=C:\Users\MURTI\AppData\Local\Temp\ccsCRcBf.res -plugin-opt=-pass-through=-lgcc_s -plugin-opt=-pass-through=-lgcc -plugin-opt=-pass-through=-lc -plugin-opt=-pass-through=-lgcc_s -plugin-opt=-pass-through=-lgcc --sysroot=c:\program files\dspace rcphil 2023-b\compiler\linux_4.14_gcc_10.3\target\x86_64-linux-gnu\bin\../../x86_64-linux-gnu --build-id --eh-frame-hdr -m elf_x86_64 -dynamic-linker /lib64/ld-linux-x86-64.so.2 c:/program files/dspace rcphil 2023-b/compiler/linux_4.14_gcc_10.3/target/x86_64-linux-gnu/bin/../../x86_64-linux-gnu/lib/crt1.o c:/program files/dspace rcphil 2023-b/compiler/linux_4.14_gcc_10.3/target/x86_64-linux-gnu/bin/../../x86_64-linux-gnu/lib/crti.o c:/program files/dspace rcphil 2023-b/compiler/linux_4.14_gcc_10.3/target/x86_64-linux-gnu/bin/../lib/gcc/x86_64-linux-gnu/10.3.0/crtbegin.o -Lc:/program files/dspace rcphil 2023-b/compiler/linux_4.14_gcc_10.3/target/x86_64-linux-gnu/bin/../lib/gcc/x86_64-linux-gnu/10.3.0 -Lc:/program files/dspace rcphil 2023-b/compiler/linux_4.14_gcc_10.3/target/x86_64-linux-gnu/bin/../lib/gcc -Lc:/program files/dspace rcphil 2023-b/compiler/linux_4.14_gcc_10.3/target/x86_64-linux-gnu/bin/../lib/gcc/x86_64-linux-gnu/10.3.0/../../../../x86_64-linux-gnu/lib/../lib64 -Lc:/program files/dspace rcphil 2023-b/compiler/linux_4.14_gcc_10.3/target/x86_64-linux-gnu/bin/../lib/gcc/x86_64-linux-gnu/10.3.0/../../../../x86_64-linux-gnu/lib -Lc:/program files/dspace rcphil 2023-b/compiler/linux_4.14_gcc_10.3/target/x86_64-linux-gnu/bin/../../x86_64-linux-gnu/lib -v --unresolved-symbols=ignore-all -lstdc++ -lm -lgcc_s -lgcc -lc -lgcc_s -lgcc c:/program files/dspace rcphil 2023-b/compiler/linux_4.14_gcc_10.3/target/x86_64-linux-gnu/bin/../lib/gcc/x86_64-linux-gnu/10.3.0/crtend.o c:/program files/dspace rcphil 2023-b/compiler/linux_4.14_gcc_10.3/target/x86_64-linux-gnu/bin/../../x86_64-linux-gnu/lib/crtn.o
GNU ld (GNU Binutils) 2.35
Archive member included to satisfy reference by file (symbol)

C:\Users\MURTI\AppData\Local\Temp\dSPACE\CfgDesk\AppCache\3\Build\EXP_03\Compile\DriveSystemControl\DriveSystemControl.a(DriveSystemControl_dsrtmdlfcn.o64)
                              dssimengine_accesspoint.o64 (DriveSystemControl_DSRTInitMdl)
C:\Users\MURTI\AppData\Local\Temp\dSPACE\CfgDesk\AppCache\3\Build\EXP_03\Compile\DriveSystemControl\DriveSystemControl.a(DriveSystemControl_dsrttf.o64)
                              rtosal_task.o64 (DriveSystemControl_DSRTMdlOutputs0)
C:\Users\MURTI\AppData\Local\Temp\dSPACE\CfgDesk\AppCache\3\Build\EXP_03\Compile\DriveSystemControl\DriveSystemControl.a(DriveSystemControl.o64)
                              C:\Users\MURTI\AppData\Local\Temp\dSPACE\CfgDesk\AppCache\3\Build\EXP_03\Compile\DriveSystemControl\DriveSystemControl.a(DriveSystemControl_dsrttf.o64) (DriveSystemControl_output)
C:\Users\MURTI\AppData\Local\Temp\dSPACE\CfgDesk\AppCache\3\Build\EXP_03\Compile\DriveSystemControl\DriveSystemControl.a(DriveSystemControl_data.o64)
                              C:\Users\MURTI\AppData\Local\Temp\dSPACE\CfgDesk\AppCache\3\Build\EXP_03\Compile\DriveSystemControl\DriveSystemControl.a(DriveSystemControl.o64) (DriveSystemControl_P)
C:\Users\MURTI\AppData\Local\Temp\dSPACE\CfgDesk\AppCache\3\Build\EXP_03\Compile\DriveSystemControl\DriveSystemControl.a(DriveSystemControl_dsmpb_bd.o64)
                              C:\Users\MURTI\AppData\Local\Temp\dSPACE\CfgDesk\AppCache\3\Build\EXP_03\Compile\DriveSystemControl\DriveSystemControl.a(DriveSystemControl_dsrtmdlfcn.o64) (InitializeBusStructs)
C:\Users\MURTI\AppData\Local\Temp\dSPACE\CfgDesk\AppCache\3\Build\EXP_03\Compile\DriveSystemControl\DriveSystemControl.a(DriveSystemControl_dsrtvdf.o64)
                              C:\Users\MURTI\AppData\Local\Temp\dSPACE\CfgDesk\AppCache\3\Build\EXP_03\Compile\DriveSystemControl\DriveSystemControl.a(DriveSystemControl.o64) (DriveSystemControl_rti_init_trc_pointers)
C:\Users\MURTI\AppData\Local\Temp\dSPACE\CfgDesk\AppCache\3\Build\EXP_03\Compile\Inspection_12777_1\Inspection_12777_1.a(CanInspection.o64)
                              BusManager_Bus_Configuration_i1_i12777_1.o64 (BM_BUS_CONFIGURATION_i1_i12777_1_CanInspect_Init)
C:\Users\MURTI\AppData\Local\Temp\dSPACE\CfgDesk\AppCache\3\Build\EXP_03\Compile\Inspection_12777_1\Inspection_12777_1.a(CanInspection_Cfg.o64)
[...]
Memory Configuration

Name             Origin             Length             Attributes
*default*        0x0000000000000000 0xffffffffffffffff

Linker script and memory map

LOAD c:/program files/dspace rcphil 2023-b/compiler/linux_4.14_gcc_10.3/target/x86_64-linux-gnu/bin/../../x86_64-linux-gnu/lib/Scrt1.o
LOAD c:/program files/dspace rcphil 2023-b/compiler/linux_4.14_gcc_10.3/target/x86_64-linux-gnu/bin/../../x86_64-linux-gnu/lib/crti.o
LOAD c:/program files/dspace rcphil 2023-b/compiler/linux_4.14_gcc_10.3/target/x86_64-linux-gnu/bin/../lib/gcc/x86_64-linux-gnu/10.3.0/crtbeginS.o
                0x00000000000009ce                DS_TARGET_PLATFORM = 0x9ce
LOAD C:\Program Files\dSPACE RCPHIL 2023-B\Compiler\Linux_4.14_GCC_10.3\target\x86_64-linux-gnu\lib/libpthread.so
LOAD C:\Program Files\dSPACE RCPHIL 2023-B\Compiler\Linux_4.14_GCC_10.3\target\x86_64-linux-gnu\lib/librt.so
LOAD C:\Program Files\dSPACE RCPHIL 2023-B\Compiler\Linux_4.14_GCC_10.3\target\x86_64-linux-gnu\lib/libdl.so
START GROUP
LOAD StateManager_generated.o64
LOAD ScalingFunctions.o64
LOAD Hashmap.o64
LOAD HelperMethods.o64
LOAD mdladapter_mdlfunctions.o64
LOAD mdlCode_ap.o64
LOAD data_in_ap.o64
LOAD data_out_ap.o64
LOAD fm_entry_ap.o64
LOAD fm_exit_ap.o64
LOAD dssimengine_accesspoint.o64
LOAD dssimengine_api.o64
LOAD dssimengine_main.o64
LOAD rtosal_task.o64
LOAD rtosal_taskap.o64
LOAD rtosal_simengineap.o64
LOAD IOCode_Data.o64
LOAD dssimengine_accesspoint_CAN.o64
LOAD IOCode_TestAutomationInit_0.o64
LOAD BusManager_Bus_Configuration_i1_i12777_1.o64
LOAD Bus_Configuration_i1_i12777.o64
LOAD Bus_Configuration_i1_i12777_tx.o64
LOAD Bus_Configuration_i1_i12777_if.o64
LOAD Bus_Configuration_i1_i12777_CAN.o64
LOAD BusRtCode.o64
LOAD ConvertHwTimeToSimTime.o64
LOAD C:\Users\MURTI\AppData\Local\Temp\dSPACE\CfgDesk\AppCache\3\Build\EXP_03\Compile\DriveSystemControl\DriveSystemControl.a
LOAD C:\Users\MURTI\AppData\Local\Temp\dSPACE\CfgDesk\AppCache\3\Build\EXP_03\Compile\Inspection_12777_1\Inspection_12777_1.a
LOAD C:\Users\MURTI\AppData\Local\Temp\dSPACE\CfgDesk\AppCache\3\Build\EXP_03\Compile\BMS_12777_1\BMS_12777_1.a
LOAD C:\Users\MURTI\AppData\Local\Temp\dSPACE\CfgDesk\AppCache\3\Build\EXP_03\Compile\IPC_12777_1\IPC_12777_1.a
LOAD C:\Users\MURTI\AppData\Local\Temp\dSPACE\CfgDesk\AppCache\3\Build\EXP_03\Compile\TCU_12777_1\TCU_12777_1.a
LOAD C:\Users\MURTI\AppData\Local\Temp\dSPACE\CfgDesk\AppCache\3\Build\EXP_03\Compile\Telematics_12777_1\Telematics_12777_1.a
LOAD C:\Users\MURTI\AppData\Local\Temp\dSPACE\CfgDesk\AppCache\3\Build\EXP_03\Compile\Manipulation_12777_1\Manipulation_12777_1.a
LOAD C:\Users\MURTI\AppData\Local\Temp\dSPACE\CfgDesk\AppCache\3\Build\EXP_03\Compile\ManipulationHook_21408\ManipulationHook_21408.a
LOAD C:\Program Files\dSPACE RCPHIL 2023-B\SCALEXIO\lib64/libdscandrv.so
LOAD C:\Program Files\dSPACE RCPHIL 2023-B\SCALEXIO\lib64/libdslindrv.so
LOAD C:\Program Files\dSPACE RCPHIL 2023-B\SCALEXIO\lib64/libdsethernetinterfacemanagementdrv.so
END GROUP
LOAD C:\Program Files\dSPACE RCPHIL 2023-B\SCALEXIO\lib64/libDsRtLib.so
LOAD C:\Program Files\dSPACE RCPHIL 2023-B\Compiler\Linux_4.14_GCC_10.3\target\x86_64-linux-gnu\x86_64-linux-gnu\lib64/libstdc++.so
LOAD C:\Program Files\dSPACE RCPHIL 2023-B\Compiler\Linux_4.14_GCC_10.3\target\x86_64-linux-gnu\lib/libm.so
START GROUP
LOAD C:\Program Files\dSPACE RCPHIL 2023-B\Compiler\Linux_4.14_GCC_10.3\target\x86_64-linux-gnu\lib\libm.so.6
LOAD C:\Program Files\dSPACE RCPHIL 2023-B\Compiler\Linux_4.14_GCC_10.3\target\x86_64-linux-gnu\lib\libmvec.so.1
END GROUP
LOAD C:\Program Files\dSPACE RCPHIL 2023-B\Compiler\Linux_4.14_GCC_10.3\target\x86_64-linux-gnu\x86_64-linux-gnu\lib/libgcc_s.so
START GROUP
LOAD C:\Program Files\dSPACE RCPHIL 2023-B\Compiler\Linux_4.14_GCC_10.3\target\x86_64-linux-gnu\x86_64-linux-gnu\lib\libgcc_s.so.1
LOAD c:/program files/dspace rcphil 2023-b/compiler/linux_4.14_gcc_10.3/target/x86_64-linux-gnu/bin/../lib/gcc/x86_64-linux-gnu/10.3.0\libgcc.a
END GROUP
LOAD c:/program files/dspace rcphil 2023-b/compiler/linux_4.14_gcc_10.3/target/x86_64-linux-gnu/bin/../lib/gcc/x86_64-linux-gnu/10.3.0\libgcc.a
LOAD C:\Program Files\dSPACE RCPHIL 2023-B\Compiler\Linux_4.14_GCC_10.3\target\x86_64-linux-gnu\lib/libc.so
START GROUP
LOAD C:\Program Files\dSPACE RCPHIL 2023-B\Compiler\Linux_4.14_GCC_10.3\target\x86_64-linux-gnu\lib\libc.so.6
LOAD C:\Program Files\dSPACE RCPHIL 2023-B\Compiler\Linux_4.14_GCC_10.3\target\x86_64-linux-gnu\lib\libc_nonshared.a
LOAD C:\Program Files\dSPACE RCPHIL 2023-B\Compiler\Linux_4.14_GCC_10.3\target\x86_64-linux-gnu\lib\ld-linux-x86-64.so.2
END GROUP
LOAD C:\Program Files\dSPACE RCPHIL 2023-B\Compiler\Linux_4.14_GCC_10.3\target\x86_64-linux-gnu\x86_64-linux-gnu\lib/libgcc_s.so
START GROUP
LOAD C:\Program Files\dSPACE RCPHIL 2023-B\Compiler\Linux_4.14_GCC_10.3\target\x86_64-linux-gnu\x86_64-linux-gnu\lib\libgcc_s.so.1
LOAD c:/program files/dspace rcphil 2023-b/compiler/linux_4.14_gcc_10.3/target/x86_64-linux-gnu/bin/../lib/gcc/x86_64-linux-gnu/10.3.0\libgcc.a
END GROUP
LOAD c:/program files/dspace rcphil 2023-b/compiler/linux_4.14_gcc_10.3/target/x86_64-linux-gnu/bin/../lib/gcc/x86_64-linux-gnu/10.3.0\libgcc.a
LOAD c:/program files/dspace rcphil 2023-b/compiler/linux_4.14_gcc_10.3/target/x86_64-linux-gnu/bin/../lib/gcc/x86_64-linux-gnu/10.3.0/crtendS.o
LOAD c:/program files/dspace rcphil 2023-b/compiler/linux_4.14_gcc_10.3/target/x86_64-linux-gnu/bin/../../x86_64-linux-gnu/lib/crtn.o
                [!provide]                        PROVIDE (__executable_start = SEGMENT_START ("text-segment", 0x0))
                0x00000000000002a8                . = (SEGMENT_START ("text-segment", 0x0) + SIZEOF_HEADERS)

.interp         0x00000000000002a8       0x1c
 *(.interp)
 .interp        0x00000000000002a8       0x1c c:/program files/dspace rcphil 2023-b/compiler/linux_4.14_gcc_10.3/target/x86_64-linux-gnu/bin/../../x86_64-linux-gnu/lib/Scrt1.o

.note.gnu.build-id
                0x00000000000002c4       0x24
 *(.note.gnu.build-id)
 .note.gnu.build-id
                0x00000000000002c4       0x24 c:/program files/dspace rcphil 2023-b/compiler/linux_4.14_gcc_10.3/target/x86_64-linux-gnu/bin/../../x86_64-linux-gnu/lib/Scrt1.o

.note.ABI-tag   0x00000000000002e8       0x20
 .note.ABI-tag  0x00000000000002e8       0x20 c:/program files/dspace rcphil 2023-b/compiler/linux_4.14_gcc_10.3/target/x86_64-linux-gnu/bin/../../x86_64-linux-gnu/lib/Scrt1.o

.hash           0x0000000000000308      0x330
 *(.hash)
 .hash          0x0000000000000308      0x330 c:/program files/dspace rcphil 2023-b/compiler/linux_4.14_gcc_10.3/target/x86_64-linux-gnu/bin/../../x86_64-linux-gnu/lib/Scrt1.o

.gnu.hash       0x0000000000000638       0x24
 *(.gnu.hash)
 .gnu.hash      0x0000000000000638       0x24 c:/program files/dspace rcphil 2023-b/compiler/linux_4.14_gcc_10.3/target/x86_64-linux-gnu/bin/../../x86_64-linux-gnu/lib/Scrt1.o

.dynsym         0x0000000000000660      0x9d8
 *(.dynsym)
 .dynsym        0x0000000000000660      0x9d8 c:/program files/dspace rcphil 2023-b/compiler/linux_4.14_gcc_10.3/target/x86_64-linux-gnu/bin/../../x86_64-linux-gnu/lib/Scrt1.o

.dynstr         0x0000000000001038      0xcfe
 *(.dynstr)
 .dynstr        0x0000000000001038      0xcfe c:/program files/dspace rcphil 2023-b/compiler/linux_4.14_gcc_10.3/target/x86_64-linux-gnu/bin/../../x86_64-linux-gnu/lib/Scrt1.o

.gnu.version    0x0000000000001d36       0xd2
 *(.gnu.version)
 .gnu.version   0x0000000000001d36       0xd2 c:/program files/dspace rcphil 2023-b/compiler/linux_4.14_gcc_10.3/target/x86_64-linux-gnu/bin/../../x86_64-linux-gnu/lib/Scrt1.o

.gnu.version_d  0x0000000000001e08        0x0
 *(.gnu.version_d)
 .gnu.version_d
                0x0000000000001e08        0x0 c:/program files/dspace rcphil 2023-b/compiler/linux_4.14_gcc_10.3/target/x86_64-linux-gnu/bin/../../x86_64-linux-gnu/lib/Scrt1.o

.gnu.version_r  0x0000000000001e08       0x80
 *(.gnu.version_r)
 .gnu.version_r
                0x0000000000001e08       0x80 c:/program files/dspace rcphil 2023-b/compiler/linux_4.14_gcc_10.3/target/x86_64-linux-gnu/bin/../../x86_64-linux-gnu/lib/Scrt1.o

.rela.dyn       0x0000000000001e88     0x1f68
 *(.rela.init)
 *(.rela.text .rela.text.* .rela.gnu.linkonce.t.*)
 .rela.text     0x0000000000001e88        0x0 c:/program files/dspace rcphil 2023-b/compiler/linux_4.14_gcc_10.3/target/x86_64-linux-gnu/bin/../../x86_64-linux-gnu/lib/Scrt1.o
 *(.rela.fini)
 *(.rela.rodata .rela.rodata.* .rela.gnu.linkonce.r.*)
 *(.rela.data .rela.data.* .rela.gnu.linkonce.d.*)
 .rela.data.rel.ro
                0x0000000000001e88      0x150 c:/program files/dspace rcphil 2023-b/compiler/linux_4.14_gcc_10.3/target/x86_64-linux-gnu/bin/../../x86_64-linux-gnu/lib/Scrt1.o
 .rela.data.rel.local
                0x0000000000001fd8      0x840 c:/program files/dspace rcphil 2023-b/compiler/linux_4.14_gcc_10.3/target/x86_64-linux-gnu/bin/../../x86_64-linux-gnu/lib/Scrt1.o
 .rela.data.rel.ro._ZTI18DsCApplicationMain
                0x0000000000002818       0x48 c:/program files/dspace rcphil 2023-b/compiler/linux_4.14_gcc_10.3/target/x86_64-linux-gnu/bin/../../x86_64-linux-gnu/lib/Scrt1.o
 .rela.data.rel.ro._ZTV18DsCApplicationMain
                0x0000000000002860       0xd8 c:/program files/dspace rcphil 2023-b/compiler/linux_4.14_gcc_10.3/target/x86_64-linux-gnu/bin/../../x86_64-linux-gnu/lib/Scrt1.o
 .rela.data.rel
                0x0000000000002938      0x7b0 c:/program files/dspace rcphil 2023-b/compiler/linux_4.14_gcc_10.3/target/x86_64-linux-gnu/bin/../../x86_64-linux-gnu/lib/Scrt1.o
 .rela.data.rel.local.DW.ref.__gxx_personality_v0
                0x00000000000030e8       0x18 c:/program files/dspace rcphil 2023-b/compiler/linux_4.14_gcc_10.3/target/x86_64-linux-gnu/bin/../../x86_64-linux-gnu/lib/Scrt1.o
 .rela.data.rel.ro._ZTI24DsCRtosAlPeriodic_Task_1
                0x0000000000003100       0x48 c:/program files/dspace rcphil 2023-b/compiler/linux_4.14_gcc_10.3/target/x86_64-linux-gnu/bin/../../x86_64-linux-gnu/lib/Scrt1.o
 .rela.data.rel.ro._ZTI26DsCRtosAlBus_Configuration
                0x0000000000003148       0x48 c:/program files/dspace rcphil 2023-b/compiler/linux_4.14_gcc_10.3/target/x86_64-linux-gnu/bin/../../x86_64-linux-gnu/lib/Scrt1.o
 .rela.data.rel.ro._ZTI24DsCRtosAlCAN_RX_Task_i1_
                0x0000000000003190       0x48 c:/program files/dspace rcphil 2023-b/compiler/linux_4.14_gcc_10.3/target/x86_64-linux-gnu/bin/../../x86_64-linux-gnu/lib/Scrt1.o
 .rela.data.rel.ro._ZTV24DsCRtosAlPeriodic_Task_1
                0x00000000000031d8       0x78 c:/program files/dspace rcphil 2023-b/compiler/linux_4.14_gcc_10.3/target/x86_64-linux-gnu/bin/../../x86_64-linux-gnu/lib/Scrt1.o
 .rela.data.rel.ro._ZTV26DsCRtosAlBus_Configuration
                0x0000000000003250       0x78 c:/program files/dspace rcphil 2023-b/compiler/linux_4.14_gcc_10.3/target/x86_64-linux-gnu/bin/../../x86_64-linux-gnu/lib/Scrt1.o
 .rela.data.rel.ro._ZTV24DsCRtosAlCAN_RX_Task_i1_
                0x00000000000032c8       0x78 c:/program files/dspace rcphil 2023-b/compiler/linux_4.14_gcc_10.3/target/x86_64-linux-gnu/bin/../../x86_64-linux-gnu/lib/Scrt1.o
 .rela.data.rel.ro.local
                0x0000000000003340       0xc0 c:/program files/dspace rcphil 2023-b/compiler/linux_4.14_gcc_10.3/target/x86_64-linux-gnu/bin/../../x86_64-linux-gnu/lib/Scrt1.o
 *(.rela.tdata .rela.tdata.* .rela.gnu.linkonce.td.*)
 *(.rela.tbss .rela.tbss.* .rela.gnu.linkonce.tb.*)
 *(.rela.ctors)
 .rela.ctors    0x0000000000003400       0x60 c:/program files/dspace rcphil 2023-b/compiler/linux_4.14_gcc_10.3/target/x86_64-linux-gnu/bin/../../x86_64-linux-gnu/lib/Scrt1.o
 *(.rela.dtors)
 *(.rela.got)
 .rela.got      0x0000000000003460      0x978 c:/program files/dspace rcphil 2023-b/compiler/linux_4.14_gcc_10.3/target/x86_64-linux-gnu/bin/../../x86_64-linux-gnu/lib/Scrt1.o
 *(.rela.bss .rela.bss.* .rela.gnu.linkonce.b.*)
 .rela.bss      0x0000000000003dd8        0x0 c:/program files/dspace rcphil 2023-b/compiler/linux_4.14_gcc_10.3/target/x86_64-linux-gnu/bin/../../x86_64-linux-gnu/lib/Scrt1.o
 *(.rela.ldata .rela.ldata.* .rela.gnu.linkonce.l.*)
 *(.rela.lbss .rela.lbss.* .rela.gnu.linkonce.lb.*)
 *(.rela.lrodata .rela.lrodata.* .rela.gnu.linkonce.lr.*)
 *(.rela.ifunc)
 .rela.ifunc    0x0000000000003dd8        0x0 c:/program files/dspace rcphil 2023-b/compiler/linux_4.14_gcc_10.3/target/x86_64-linux-gnu/bin/../../x86_64-linux-gnu/lib/Scrt1.o
 .rela.init_array
                0x0000000000003dd8       0x18 c:/program files/dspace rcphil 2023-b/compiler/linux_4.14_gcc_10.3/target/x86_64-linux-gnu/bin/../../x86_64-linux-gnu/lib/Scrt1.o
 .rela.eh_frame
                0x0000000000003df0        0x0 c:/program files/dspace rcphil 2023-b/compiler/linux_4.14_gcc_10.3/target/x86_64-linux-gnu/bin/../../x86_64-linux-gnu/lib/Scrt1.o

.rela.plt       0x0000000000003df0        0x0
 *(.rela.plt)
 .rela.plt      0x0000000000003df0        0x0 c:/program files/dspace rcphil 2023-b/compiler/linux_4.14_gcc_10.3/target/x86_64-linux-gnu/bin/../../x86_64-linux-gnu/lib/Scrt1.o
 *(.rela.iplt)
                0x0000000000004000                . = ALIGN (CONSTANT (MAXPAGESIZE))

.init           0x0000000000004000       0x17
 *(SORT_NONE(.init))
 .init          0x0000000000004000       0x12 c:/program files/dspace rcphil 2023-b/compiler/linux_4.14_gcc_10.3/target/x86_64-linux-gnu/bin/../../x86_64-linux-gnu/lib/crti.o
                0x0000000000004000                _init
 .init          0x0000000000004012        0x5 c:/program files/dspace rcphil 2023-b/compiler/linux_4.14_gcc_10.3/target/x86_64-linux-gnu/bin/../../x86_64-linux-gnu/lib/crtn.o

.plt            0x0000000000004020       0x10
 *(.plt)
 .plt           0x0000000000004020       0x10 c:/program files/dspace rcphil 2023-b/compiler/linux_4.14_gcc_10.3/target/x86_64-linux-gnu/bin/../../x86_64-linux-gnu/lib/Scrt1.o
 *(.iplt)

.plt.got        0x0000000000004030        0x8
 *(.plt.got)
 .plt.got       0x0000000000004030        0x8 c:/program files/dspace rcphil 2023-b/compiler/linux_4.14_gcc_10.3/target/x86_64-linux-gnu/bin/../../x86_64-linux-gnu/lib/Scrt1.o
                0x0000000000004030                __cxa_finalize@@GLIBC_2.2.5

.plt.sec
 *(.plt.sec)

.text           0x0000000000004040    0x2d4e1
 *(.text.unlikely .text.*_unlikely .text.unlikely.*)
 .text.unlikely
                0x0000000000004040       0x1a dssimengine_main.o64
 .text.unlikely
                0x000000000000405a       0x4e rtosal_task.o64
 .text.unlikely
                0x00000000000040a8        0x7 C:\Users\MURTI\AppData\Local\Temp\dSPACE\CfgDesk\AppCache\3\Build\EXP_03\Compile\BMS_12777_1\BMS_12777_1.a(Rte_generated.o64)
 .text.unlikely
                0x00000000000040af        0x6 C:\Users\MURTI\AppData\Local\Temp\dSPACE\CfgDesk\AppCache\3\Build\EXP_03\Compile\BMS_12777_1\BMS_12777_1.a(Com_Tx_generated.o64)
 .text.unlikely
                0x00000000000040b5        0x6 C:\Users\MURTI\AppData\Local\Temp\dSPACE\CfgDesk\AppCache\3\Build\EXP_03\Compile\BMS_12777_1\BMS_12777_1.a(Com_Rx_generated.o64)
 .text.unlikely
                0x00000000000040bb        0x6 C:\Users\MURTI\AppData\Local\Temp\dSPACE\CfgDesk\AppCache\3\Build\EXP_03\Compile\IPC_12777_1\IPC_12777_1.a(Com_Rx_generated.o64)
 .text.unlikely
                0x00000000000040c1        0x7 C:\Users\MURTI\AppData\Local\Temp\dSPACE\CfgDesk\AppCache\3\Build\EXP_03\Compile\TCU_12777_1\TCU_12777_1.a(Rte_generated.o64)
 .text.unlikely
                0x00000000000040c8        0x6 C:\Users\MURTI\AppData\Local\Temp\dSPACE\CfgDesk\AppCache\3\Build\EXP_03\Compile\TCU_12777_1\TCU_12777_1.a(Com_Tx_generated.o64)
 .text.unlikely
                0x00000000000040ce        0x6 C:\Users\MURTI\AppData\Local\Temp\dSPACE\CfgDesk\AppCache\3\Build\EXP_03\Compile\Telematics_12777_1\Telematics_12777_1.a(Com_Rx_generated.o64)
 *(.text.exit .text.exit.*)
 *(.text.startup .text.startup.*)
 *fill*         0x00000000000040d4        0xc 
 .text.startup  0x00000000000040e0       0x29 dssimengine_main.o64
                0x00000000000040e0                _Z32__registerApplDsCApplicationMainv
 *fill*         0x0000000000004109        0x7 
 .text.startup  0x0000000000004110       0x12 rtosal_simengineap.o64
                0x0000000000004110                _Z21__registerRTTMPConfigv
 *fill*         0x0000000000004122        0xe 
 .text.startup  0x0000000000004130       0x14 IOCode_Data.o64
                0x0000000000004130                _Z31__registerResourceg_ResourceMapv
 *(.text.hot .text.hot.*)
 *(SORT_BY_NAME(.text.sorted.*))
 *(.text .stub .text.* .gnu.linkonce.t.*)
 *fill*         0x0000000000004144        0xc 
 .text          0x0000000000004150       0x2b c:/program files/dspace rcphil 2023-b/compiler/linux_4.14_gcc_10.3/target/x86_64-linux-gnu/bin/../../x86_64-linux-gnu/lib/Scrt1.o
                0x0000000000004150                _start
 .text          0x000000000000417b        0x0 c:/program files/dspace rcphil 2023-b/compiler/linux_4.14_gcc_10.3/target/x86_64-linux-gnu/bin/../../x86_64-linux-gnu/lib/crti.o
 *fill*         0x000000000000417b        0x5 
 .text          0x0000000000004180      0x109 c:/program files/dspace rcphil 2023-b/compiler/linux_4.14_gcc_10.3/target/x86_64-linux-gnu/bin/../lib/gcc/x86_64-linux-gnu/10.3.0/crtbeginS.o
 *fill*         0x0000000000004289        0x7 
 .text          0x0000000000004290      0x831 StateManager_generated.o64
                0x00000000000043a0                StateManager_RegisterCallback_NoTransitions
                0x0000000000004470                StateManager_RegisterCallback_MultipleTransitions
                0x0000000000004760                StateManager_RegisterCallback_SingleTransition
                0x0000000000004790                StateManager_UnregisterCallback_MultipleTransitions
                0x0000000000004890                StateManager_UnregisterCallback_SingleTransition
                0x00000000000048c0                StateManager_UnregisterCallback_NoTransitions
                0x0000000000004950                StateManager_GetState
                0x0000000000004960                StateManager_GetState_AsUInt8Ptr
                0x0000000000004970                StateManager_SetState
                0x0000000000004990                StateManager_SetCounterStateIndex
                0x00000000000049a0                StateManager_GetCounterState
                0x00000000000049c0                StateManager_SetCounterState
                0x00000000000049f0                StateManager_DecrementCounterState
                0x0000000000004a20                StateManager_ResetCounterState
                0x0000000000004a60                StateManager_SetState_Mutex
                0x0000000000004ab0                StateManager_StateManagerInit
 *fill*         0x0000000000004ac1        0xf 
 .text          0x0000000000004ad0      0x6a4 ScalingFunctions.o64
                0x0000000000004ad0                EXP_03_Scale_Linear_From_boolean
                0x0000000000004b10                EXP_03_Scale_Linear_From_boolean_noround
                0x0000000000004b30                EXP_03_roundSource_From_boolean
                0x0000000000004b50                EXP_03_Scale_Linear_From_sint8
                0x0000000000004b90                EXP_03_Scale_Linear_From_sint8_noround
                0x0000000000004bb0                EXP_03_roundSource_From_sint8
                0x0000000000004be0                EXP_03_Scale_Linear_From_uint8
                0x0000000000004c20                EXP_03_Scale_Linear_From_uint8_noround
                0x0000000000004c40                EXP_03_roundSource_From_uint8
                0x0000000000004c60                EXP_03_Scale_Linear_From_sint16
                0x0000000000004ca0                EXP_03_Scale_Linear_From_sint16_noround
                0x0000000000004cc0                EXP_03_roundSource_From_sint16
                0x0000000000004cf0                EXP_03_Scale_Linear_From_uint16
                0x0000000000004d30                EXP_03_Scale_Linear_From_uint16_noround
                0x0000000000004d50                EXP_03_roundSource_From_uint16
                0x0000000000004d70                EXP_03_Scale_Linear_From_sint32
                0x0000000000004db0                EXP_03_Scale_Linear_From_sint32_noround
                0x0000000000004dd0                EXP_03_roundSource_From_sint32
                0x0000000000004e00                EXP_03_Scale_Linear_From_uint32
                0x0000000000004e40                EXP_03_Scale_Linear_From_uint32_noround
                0x0000000000004e60                EXP_03_roundSource_From_uint32
                0x0000000000004e80                EXP_03_Scale_Linear_From_sint64
                0x0000000000004ec0                EXP_03_Scale_Linear_From_sint64_noround
                0x0000000000004ee0                EXP_03_roundSource_From_sint64
                0x0000000000004f10                EXP_03_Scale_Linear_From_uint64
                0x0000000000004f70                EXP_03_Scale_Linear_From_uint64_noround
                0x0000000000004fb0                EXP_03_roundSource_From_uint64
                0x0000000000004ff0                EXP_03_Scale_Linear_From_float32
                0x0000000000005030                EXP_03_Scale_Linear_From_float32_noround
                0x0000000000005050                EXP_03_roundSource_From_float32
                0x0000000000005080                EXP_03_Scale_Linear_From_float64
                0x00000000000050b0                EXP_03_Scale_Linear_From_float64_noround
                0x00000000000050c0                EXP_03_roundSource_From_float64
                0x00000000000050f0                EXP_03_ClampSigned
                0x0000000000005110                EXP_03_ClampUnsigned
                0x0000000000005130                EXP_03_ClampFloat
                0x0000000000005140                EXP_03_ClampSignedToUnsigned
                0x0000000000005160                EXP_03_ClampUnsignedToSigned
 *fill*         0x0000000000005174        0xc 
 .text          0x0000000000005180      0x391 Hashmap.o64
                0x0000000000005180                EXP_03_HashmapPut
                0x0000000000005340                EXP_03_HashmapGet
                0x0000000000005400                EXP_03_HashmapRemove
                0x00000000000054c0                EXP_03_HashmapFree
 *fill*         0x0000000000005511        0xf 
 .text          0x0000000000005520      0x45b HelperMethods.o64
                0x0000000000005520                EXP_03_ReadFromByteBE
                0x0000000000005570                EXP_03_WriteToByteBE
                0x00000000000055d0                EXP_03_GetUInt64FromBytesBigEndian
                0x0000000000005690                EXP_03_CopyBits
                0x00000000000057b0                EXP_03_CompareBits
                0x00000000000058f0                EXP_03_AllocateMemoryDataPtr
                0x0000000000005920                EXP_03_ReleaseMemoryDataPtr
                0x0000000000005940                EXP_03_CalculateOffset
 *fill*         0x000000000000597b        0x5 
 .text          0x0000000000005980       0x48 mdladapter_mdlfunctions.o64
                0x0000000000005980                DriveSystemControl_APTerminateSimulation
                0x0000000000005990                DriveSystemControl_APLastApplStateStopped
                0x00000000000059b0                DriveSystemControl_APStopSimulation
                0x00000000000059c0                DriveSystemControl_APPrintMessage
 .text          0x00000000000059c8        0x0 mdlCode_ap.o64
 *fill*         0x00000000000059c8        0x8 
 .text          0x00000000000059d0     0x2231 data_in_ap.o64
                0x00000000000059d0                ap_read_DriveSystemControl_DataInport1_P1
                0x0000000000006a30                ap_read_DriveSystemControl_DataInport1_P1_S1
                0x0000000000006a40                ap_read_DriveSystemControl_DataInport1_P1_S2
                0x0000000000006a50                ap_read_DriveSystemControl_DataInport1_P1_S3
                0x0000000000006a60                ap_read_DriveSystemControl_DataInport1_P1_S4
                0x0000000000006a70                ap_read_DriveSystemControl_DataInport1_P1_S5
                0x0000000000006a80                ap_read_DriveSystemControl_DataInport1_P1_S6
                0x0000000000006a90                ap_read_DriveSystemControl_DataInport1_P1_S7
                0x0000000000006aa0                ap_read_DriveSystemControl_DataInport1_P1_S8
                0x0000000000006ab0                ap_read_DriveSystemControl_DataInport1_P1_S9
                0x0000000000006ac0                ap_read_DriveSystemControl_DataInport1_P1_S10
                0x0000000000006ad0                ap_read_DriveSystemControl_DataInport1_P1_S11
                0x0000000000006ae0                ap_read_DriveSystemControl_DataInport1_P1_S12
                0x0000000000006af0                ap_read_DriveSystemControl_DataInport1_P1_S13
                0x0000000000006b00                ap_read_DriveSystemControl_DataInport1_P1_S14
                0x0000000000006b10                ap_read_DriveSystemControl_DataInport1_P1_S15
                0x0000000000006b20                ap_read_DriveSystemControl_DataInport1_P1_S16
                0x0000000000006b30                ap_read_DriveSystemControl_DataInport1_P1_S17
                0x0000000000006b40                ap_read_DriveSystemControl_DataInport1_P1_S18
                0x0000000000006b50                ap_read_DriveSystemControl_DataInport1_P1_S19
                0x0000000000006b60                ap_read_DriveSystemControl_DataInport1_P1_S20
                0x0000000000006b70                ap_read_DriveSystemControl_DataInport1_P1_S21
                0x0000000000006b80                ap_read_DriveSystemControl_DataInport1_P1_S22
                0x0000000000006b90                ap_read_DriveSystemControl_DataInport1_P1_S23
                0x0000000000006ba0                ap_read_DriveSystemControl_DataInport1_P1_S24
                0x0000000000006bb0                ap_read_DriveSystemControl_DataInport1_P1_S25
                0x0000000000006bc0                ap_read_DriveSystemControl_DataInport1_P1_S26
                0x0000000000006bd0                ap_read_DriveSystemControl_DataInport1_P1_S27
                0x0000000000006be0                ap_read_DriveSystemControl_DataInport1_P1_S28
                0x0000000000006bf0                ap_read_DriveSystemControl_DataInport1_P1_S29
                0x0000000000006c00                ap_read_DriveSystemControl_DataInport1_P1_S30
                0x0000000000006c10                ap_read_DriveSystemControl_DataInport1_P1_S31
                0x0000000000006c20                ap_read_DriveSystemControl_DataInport1_P1_S32
                0x0000000000006c30                ap_read_DriveSystemControl_DataInport1_P1_S33
                0x0000000000006c40                ap_read_DriveSystemControl_DataInport1_P1_S34
                0x0000000000006c50                ap_read_DriveSystemControl_DataInport1_P1_S35
                0x0000000000006c60                ap_read_DriveSystemControl_DataInport1_P1_S36
                0x0000000000006c70                ap_read_DriveSystemControl_DataInport1_P1_S37
                0x0000000000006c80                ap_read_DriveSystemControl_DataInport1_P1_S38
                0x0000000000006c90                ap_read_DriveSystemControl_DataInport1_P1_S39
                0x0000000000006ca0                ap_read_DriveSystemControl_DataInport1_P1_S40
                0x0000000000006cb0                ap_read_DriveSystemControl_DataInport1_P1_S41
                0x0000000000006cc0                ap_read_DriveSystemControl_DataInport1_P1_S42
                0x0000000000006cd0                ap_read_DriveSystemControl_DataInport1_P1_S43
                0x0000000000006ce0                ap_read_DriveSystemControl_DataInport1_P1_S44
                0x0000000000006cf0                ap_read_DriveSystemControl_DataInport1_P1_S45
                0x0000000000006d00                ap_read_DriveSystemControl_DataInport1_P1_S46
                0x0000000000006d10                ap_read_DriveSystemControl_DataInport1_P1_S47
                0x0000000000006d20                ap_read_DriveSystemControl_DataInport1_P1_S48
                0x0000000000006d30                ap_read_DriveSystemControl_DataInport1_P1_S49
                0x0000000000006d40                ap_read_DriveSystemControl_DataInport1_P1_S50
                0x0000000000006d50                ap_read_DriveSystemControl_DataInport1_P1_S51
                0x0000000000006d60                ap_read_DriveSystemControl_DataInport1_P1_S52
                0x0000000000006d70                ap_read_DriveSystemControl_DataInport1_P1_S53
                0x0000000000006d80                ap_read_DriveSystemControl_DataInport1_P1_S54
                0x0000000000006d90                ap_read_DriveSystemControl_DataInport1_P1_S55
                0x0000000000006da0                ap_read_DriveSystemControl_DataInport1_P1_S56
                0x0000000000006db0                ap_read_DriveSystemControl_DataInport1_P1_S57
                0x0000000000006dc0                ap_read_DriveSystemControl_DataInport1_P1_S58
                0x0000000000006dd0                ap_read_DriveSystemControl_DataInport1_P1_S59
                0x0000000000006de0                ap_read_DriveSystemControl_DataInport1_P1_S60
                0x0000000000006df0                ap_read_DriveSystemControl_DataInport1_P1_S61
                0x0000000000006e00                ap_read_DriveSystemControl_DataInport1_P1_S62
                0x0000000000006e10                ap_read_DriveSystemControl_DataInport1_P1_S63
                0x0000000000006e20                ap_read_DriveSystemControl_DataInport1_P1_S64
                0x0000000000006e30                ap_read_DriveSystemControl_DataInport1_P1_S65
                0x0000000000006e40                ap_read_DriveSystemControl_DataInport1_P1_S66
                0x0000000000006e50                ap_read_DriveSystemControl_DataInport1_P1_S67
                0x0000000000006e60                ap_read_DriveSystemControl_DataInport1_P1_S68
                0x0000000000006e70                ap_read_DriveSystemControl_DataInport1_P1_S69
                0x0000000000006e80                ap_read_DriveSystemControl_DataInport1_P1_S70
                0x0000000000006e90                ap_read_DriveSystemControl_DataInport1_P1_S71
                0x0000000000006ea0                ap_read_DriveSystemControl_DataInport1_P1_S72
                0x0000000000006eb0                ap_read_DriveSystemControl_DataInport1_P1_S73
                0x0000000000006ec0                ap_read_DriveSystemControl_DataInport1_P1_S74
                0x0000000000006ed0                ap_read_DriveSystemControl_DataInport1_P1_S75
                0x0000000000006ee0                ap_read_DriveSystemControl_DataInport1_P1_S76
                0x0000000000006ef0                ap_read_DriveSystemControl_DataInport1_P1_S77
                0x0000000000006f00                ap_read_DriveSystemControl_DataInport1_P1_S78
                0x0000000000006f10                ap_read_DriveSystemControl_DataInport1_P1_S79
                0x0000000000006f20                ap_read_DriveSystemControl_DataInport1_P1_S80
                0x0000000000006f30                ap_read_DriveSystemControl_DataInport1_P1_S81
                0x0000000000006f40                ap_read_DriveSystemControl_DataInport1_P1_S82
                0x0000000000006f50                ap_read_DriveSystemControl_DataInport1_P1_S83
                0x0000000000006f60                ap_read_DriveSystemControl_DataInport1_P1_S84
                0x0000000000006f70                ap_read_DriveSystemControl_DataInport1_P1_S85
                0x0000000000006f80                ap_read_DriveSystemControl_DataInport1_P1_S86
                0x0000000000006f90                ap_read_DriveSystemControl_DataInport1_P1_S87
                0x0000000000006fa0                ap_read_DriveSystemControl_DataInport1_P1_S88
                0x0000000000006fb0                ap_read_DriveSystemControl_DataInport1_P1_S89
                0x0000000000006fc0                ap_read_DriveSystemControl_DataInport1_P1_S90
                0x0000000000006fd0                ap_read_DriveSystemControl_DataInport1_P1_S91
                0x0000000000006fe0                ap_read_DriveSystemControl_DataInport1_P1_S92
                0x0000000000006ff0                ap_read_DriveSystemControl_DataInport1_P1_S93
                0x0000000000007000                ap_read_DriveSystemControl_DataInport1_P1_S94
                0x0000000000007010                ap_read_DriveSystemControl_DataInport1_P1_S95
                0x0000000000007020                ap_read_DriveSystemControl_DataInport1_P1_S96
                0x0000000000007030                ap_read_DriveSystemControl_DataInport1_P1_S97
                0x0000000000007040                ap_read_DriveSystemControl_DataInport1_P1_S98
                0x0000000000007050                ap_read_DriveSystemControl_DataInport1_P1_S99
                0x0000000000007060                ap_read_DriveSystemControl_DataInport1_P1_S100
                0x0000000000007070                ap_read_DriveSystemControl_DataInport1_P1_S101
                0x0000000000007080                ap_read_DriveSystemControl_DataInport1_P1_S102
                0x0000000000007090                ap_read_DriveSystemControl_DataInport1_P1_S103
                0x00000000000070a0                ap_read_DriveSystemControl_DataInport1_P1_S104
                0x00000000000070b0                ap_read_DriveSystemControl_DataInport1_P1_S105
                0x00000000000070c0                ap_read_DriveSystemControl_DataInport1_P1_S106
                0x00000000000070d0                ap_read_DriveSystemControl_DataInport1_P1_S107
                0x00000000000070e0                ap_read_DriveSystemControl_DataInport1_P1_S108
                0x00000000000070f0                ap_read_DriveSystemControl_DataInport1_P1_S109
                0x0000000000007100                ap_read_DriveSystemControl_DataInport1_P1_S110
                0x0000000000007110                ap_read_DriveSystemControl_DataInport1_P1_S111
                0x0000000000007120                ap_read_DriveSystemControl_DataInport1_P1_S112
                0x0000000000007130                ap_read_DriveSystemControl_DataInport1_P1_S113
                0x0000000000007140                ap_read_DriveSystemControl_DataInport1_P1_S114
                0x0000000000007150                ap_read_DriveSystemControl_DataInport1_P1_S115
                0x0000000000007160                ap_read_DriveSystemControl_DataInport1_P1_S116
                0x0000000000007170                ap_read_DriveSystemControl_DataInport1_P1_S117
                0x0000000000007180                ap_read_DriveSystemControl_DataInport1_P1_S118
                0x0000000000007190                ap_read_DriveSystemControl_DataInport1_P1_S119
                0x00000000000071a0                ap_read_DriveSystemControl_DataInport1_P1_S120
                0x00000000000071b0                ap_read_DriveSystemControl_DataInport1_P1_S121
                0x00000000000071c0                ap_read_DriveSystemControl_DataInport1_P1_S122
                0x00000000000071d0                ap_read_DriveSystemControl_DataInport1_P1_S123
                0x00000000000071e0                ap_read_DriveSystemControl_DataInport1_P1_S124
                0x00000000000071f0                ap_read_DriveSystemControl_DataInport1_P1_S125
                0x0000000000007200                ap_read_DriveSystemControl_DataInport1_P1_S126
                0x0000000000007210                ap_read_DriveSystemControl_DataInport1_P1_S127
                0x0000000000007220                ap_read_DriveSystemControl_DataInport1_P1_S128
                0x0000000000007230                ap_read_DriveSystemControl_DataInport1_P1_S129
                0x0000000000007240                ap_read_DriveSystemControl_DataInport1_P1_S130
                0x0000000000007250                ap_read_DriveSystemControl_DataInport1_P1_S131
                0x0000000000007260                ap_read_DriveSystemControl_DataInport1_P1_S132
                0x0000000000007270                ap_read_DriveSystemControl_DataInport1_P1_S133
                0x0000000000007280                ap_read_DriveSystemControl_DataInport1_P1_S134
                0x0000000000007290                ap_read_DriveSystemControl_DataInport1_P1_S135
                0x00000000000072a0                ap_read_DriveSystemControl_DataInport1_P1_S136
                0x00000000000072b0                ap_read_DriveSystemControl_DataInport1_P1_S137
                0x00000000000072c0                ap_read_DriveSystemControl_DataInport1_P1_S138
                0x00000000000072d0                ap_read_DriveSystemControl_DataInport1_P1_S139
                0x00000000000072e0                ap_read_DriveSystemControl_DataInport1_P1_S140
                0x00000000000072f0                ap_read_DriveSystemControl_DataInport1_P1_S141
                0x0000000000007300                ap_read_DriveSystemControl_DataInport1_P1_S142
                0x0000000000007310                ap_read_DriveSystemControl_DataInport1_P1_S143
                0x0000000000007320                ap_read_DriveSystemControl_DataInport1_P1_S144
                0x0000000000007330                ap_read_DriveSystemControl_DataInport1_P1_S145
                0x0000000000007340                ap_read_DriveSystemControl_DataInport1_P1_S146
                0x0000000000007350                ap_read_DriveSystemControl_DataInport1_P1_S147
                0x0000000000007360                ap_read_DriveSystemControl_DataInport1_P1_S148
                0x0000000000007370                ap_read_DriveSystemControl_DataInport1_P1_S149
                0x0000000000007380                ap_read_DriveSystemControl_DataInport1_P1_S150
                0x0000000000007390                ap_read_DriveSystemControl_DataInport1_P1_S151
                0x00000000000073a0                ap_read_DriveSystemControl_DataInport1_P1_S152
                0x00000000000073b0                ap_read_DriveSystemControl_DataInport1_P1_S153
                0x00000000000073c0                ap_read_DriveSystemControl_DataInport1_P1_S154
                0x00000000000073d0                ap_read_DriveSystemControl_DataInport1_P1_S155
                0x00000000000073e0                ap_read_DriveSystemControl_DataInport1_P1_S156
                0x00000000000073f0                ap_read_DriveSystemControl_DataInport1_P1_S157
                0x0000000000007400                ap_read_DriveSystemControl_DataInport1_P1_S158
                0x0000000000007410                ap_read_DriveSystemControl_DataInport1_P1_S159
                0x0000000000007420                ap_read_DriveSystemControl_DataInport1_P1_S160
                0x0000000000007430                ap_read_DriveSystemControl_DataInport1_P1_S161
                0x0000000000007440                ap_read_DriveSystemControl_DataInport1_P1_S162
                0x0000000000007450                ap_read_DriveSystemControl_DataInport1_P1_S163
                0x0000000000007460                ap_read_DriveSystemControl_DataInport1_P1_S164
                0x0000000000007470                ap_read_DriveSystemControl_DataInport1_P1_S165
                0x0000000000007480                ap_read_DriveSystemControl_DataInport1_P1_S166
                0x0000000000007490                ap_read_DriveSystemControl_DataInport1_P1_S167
                0x00000000000074a0                ap_read_DriveSystemControl_DataInport1_P1_S168
                0x00000000000074b0                ap_read_DriveSystemControl_DataInport1_P1_S169
                0x00000000000074c0                ap_read_DriveSystemControl_DataInport1_P1_S170
                0x00000000000074d0                ap_read_DriveSystemControl_DataInport1_P1_S171
                0x00000000000074e0                ap_read_DriveSystemControl_DataInport1_P1_S172
                0x00000000000074f0                ap_read_DriveSystemControl_DataInport1_P1_S173
                0x0000000000007500                ap_read_DriveSystemControl_DataInport1_P1_S174
                0x0000000000007510                ap_read_DriveSystemControl_DataInport1_P1_S175
                0x0000000000007520                ap_read_DriveSystemControl_DataInport1_P1_S176
                0x0000000000007530                ap_read_DriveSystemControl_DataInport1_P1_S177
                0x0000000000007540                ap_read_DriveSystemControl_DataInport1_P1_S178
                0x0000000000007550                ap_read_DriveSystemControl_DataInport1_P1_S179
                0x0000000000007560                ap_read_DriveSystemControl_DataInport1_P1_S180
                0x0000000000007570                ap_read_DriveSystemControl_DataInport1_P1_S181
                0x0000000000007580                ap_read_DriveSystemControl_DataInport1_P1_S182
                0x0000000000007590                ap_read_DriveSystemControl_DataInport1_P1_S183
                0x00000000000075a0                ap_read_DriveSystemControl_DataInport1_P1_S184
                0x00000000000075b0                ap_read_DriveSystemControl_DataInport1_P1_S185
                0x00000000000075c0                ap_read_DriveSystemControl_DataInport1_P1_S186
                0x00000000000075d0                ap_read_DriveSystemControl_DataInport1_P1_S187
                0x00000000000075e0                ap_read_DriveSystemControl_DataInport1_P1_S188
                0x00000000000075f0                ap_read_DriveSystemControl_DataInport1_P1_S189
                0x0000000000007600                ap_read_DriveSystemControl_DataInport1_P1_S190
                0x0000000000007610                ap_read_DriveSystemControl_DataInport1_P1_S191
                0x0000000000007620                ap_read_DriveSystemControl_DataInport1_P1_S192
                0x0000000000007630                ap_read_DriveSystemControl_DataInport1_P1_S193
                0x0000000000007640                ap_read_DriveSystemControl_DataInport1_P1_S194
                0x0000000000007650                ap_read_DriveSystemControl_DataInport1_P1_S195
                0x0000000000007660                ap_read_DriveSystemControl_DataInport1_P1_S196
                0x0000000000007670                ap_read_DriveSystemControl_DataInport1_P1_S197
                0x0000000000007680                ap_read_DriveSystemControl_DataInport1_P1_S198
                0x0000000000007690                ap_read_DriveSystemControl_DataInport1_P1_S199
                0x00000000000076a0                ap_read_DriveSystemControl_DataInport1_P1_S200
                0x00000000000076b0                ap_read_DriveSystemControl_DataInport1_P1_S201
                0x00000000000076c0                ap_read_DriveSystemControl_DataInport1_P1_S202
                0x00000000000076d0                ap_read_DriveSystemControl_DataInport1_P1_S203
                0x00000000000076e0                ap_read_DriveSystemControl_DataInport1_P1_S204
                0x00000000000076f0                ap_read_DriveSystemControl_DataInport1_P1_S205
                0x0000000000007700                ap_read_DriveSystemControl_DataInport1_P1_S206
                0x0000000000007710                ap_read_DriveSystemControl_DataInport1_P1_S207
                0x0000000000007720                ap_read_DriveSystemControl_DataInport1_P1_S208
                0x0000000000007730                ap_read_DriveSystemControl_DataInport1_P1_S209
                0x0000000000007740                ap_read_DriveSystemControl_DataInport1_P1_S210
                0x0000000000007750                ap_read_DriveSystemControl_DataInport1_P1_S211
                0x0000000000007760                ap_read_DriveSystemControl_DataInport1_P1_S212
                0x0000000000007770                ap_read_DriveSystemControl_DataInport1_P1_S213
                0x0000000000007780                ap_read_DriveSystemControl_DataInport1_P1_S214
                0x0000000000007790                ap_read_DriveSystemControl_DataInport1_P1_S215
                0x00000000000077a0                ap_read_DriveSystemControl_DataInport1_P1_S216
                0x00000000000077b0                ap_read_DriveSystemControl_DataInport1_P1_S217
                0x00000000000077c0                ap_read_DriveSystemControl_DataInport1_P1_S218
                0x00000000000077d0                ap_read_DriveSystemControl_DataInport1_P1_S219
                0x00000000000077e0                ap_read_DriveSystemControl_DataInport1_P1_S220
                0x00000000000077f0                ap_read_DriveSystemControl_DataInport1_P1_S221
                0x0000000000007800                ap_read_DriveSystemControl_DataInport1_P1_S222
                0x0000000000007810                ap_read_DriveSystemControl_DataInport1_P1_S223
                0x0000000000007820                ap_read_DriveSystemControl_DataInport1_P1_S224
                0x0000000000007830                ap_read_DriveSystemControl_DataInport1_P1_S225
                0x0000000000007840                ap_read_DriveSystemControl_DataInport1_P1_S226
                0x0000000000007850                ap_read_DriveSystemControl_DataInport1_P1_S227
                0x0000000000007860                ap_read_DriveSystemControl_DataInport1_P1_S228
                0x0000000000007870                ap_read_DriveSystemControl_DataInport1_P1_S229
                0x0000000000007880                ap_read_DriveSystemControl_DataInport1_P1_S230
                0x0000000000007890                ap_read_DriveSystemControl_DataInport1_P1_S231
                0x00000000000078a0                ap_read_DriveSystemControl_DataInport1_P1_S232
                0x00000000000078b0                ap_read_DriveSystemControl_DataInport1_P1_S233
                0x00000000000078c0                ap_read_DriveSystemControl_DataInport1_P1_S234
                0x00000000000078d0                ap_read_DriveSystemControl_DataInport1_P1_S235
                0x00000000000078e0                ap_read_DriveSystemControl_DataInport1_P1_S236
                0x00000000000078f0                ap_read_DriveSystemControl_DataInport1_P1_S237
                0x0000000000007900                ap_read_DriveSystemControl_DataInport1_P1_S238
                0x0000000000007910                ap_read_DriveSystemControl_DataInport1_P1_S239
                0x0000000000007920                ap_read_DriveSystemControl_DataInport1_P1_S240
                0x0000000000007930                ap_read_DriveSystemControl_DataInport1_P1_S241
                0x0000000000007940                ap_read_DriveSystemControl_DataInport1_P1_S242
                0x0000000000007950                ap_read_DriveSystemControl_DataInport1_P1_S243
                0x0000000000007960                ap_read_DriveSystemControl_DataInport1_P1_S244
                0x0000000000007970                ap_read_DriveSystemControl_DataInport1_P1_S245
                0x0000000000007980                ap_read_DriveSystemControl_DataInport1_P1_S246
                0x0000000000007990                ap_read_DriveSystemControl_DataInport1_P1_S247
                0x00000000000079a0                ap_read_DriveSystemControl_DataInport1_P1_S248
                0x00000000000079b0                ap_read_DriveSystemControl_DataInport1_P1_S249
                0x00000000000079c0                ap_read_DriveSystemControl_DataInport1_P1_S250
                0x00000000000079d0                ap_read_DriveSystemControl_DataInport1_P1_S251
                0x00000000000079e0                ap_read_DriveSystemControl_DataInport1_P1_S252
                0x00000000000079f0                ap_read_DriveSystemControl_DataInport1_P1_S253
                0x0000000000007a00                ap_read_DriveSystemControl_DataInport1_P1_S254
                0x0000000000007a10                ap_read_DriveSystemControl_DataInport1_P1_S255
                0x0000000000007a20                ap_read_DriveSystemControl_DataInport1_P1_S256
                0x0000000000007a30                ap_read_DriveSystemControl_DataInport1_P1_S257
                0x0000000000007a40                ap_read_DriveSystemControl_DataInport1_P1_S258
                0x0000000000007a50                ap_read_DriveSystemControl_DataInport1_P1_S259
                0x0000000000007a60                ap_read_DriveSystemControl_DataInport1_P1_S260
                0x0000000000007a70                ap_read_DriveSystemControl_DataInport1_P1_S261
                0x0000000000007a80                ap_read_DriveSystemControl_DataInport1_P1_S262
                0x0000000000007a90                ap_read_DriveSystemControl_DataInport1_P1_S263
                0x0000000000007aa0                ap_read_DriveSystemControl_DataInport1_P1_S264
                0x0000000000007ab0                ap_read_DriveSystemControl_DataInport1_P1_S265
                0x0000000000007ac0                ap_read_DriveSystemControl_DataInport1_P1_S266
                0x0000000000007ad0                ap_read_DriveSystemControl_DataInport1_P1_S267
                0x0000000000007ae0                ap_read_DriveSystemControl_DataInport1_P1_S268
                0x0000000000007af0                ap_read_DriveSystemControl_DataInport1_P1_S269
                0x0000000000007b00                ap_read_DriveSystemControl_DataInport1_P1_S270
                0x0000000000007b10                ap_read_DriveSystemControl_DataInport1_P1_S271
                0x0000000000007b20                ap_read_DriveSystemControl_DataInport1_P1_S272
                0x0000000000007b30                ap_read_DriveSystemControl_DataInport1_P1_S273
                0x0000000000007b40                ap_read_DriveSystemControl_DataInport1_P1_S274
                0x0000000000007b50                ap_read_DriveSystemControl_DataInport1_P1_S275
                0x0000000000007b60                ap_read_DriveSystemControl_DataInport1_P1_S276
                0x0000000000007b70                ap_read_DriveSystemControl_DataInport1_P1_S277
                0x0000000000007b80                ap_read_DriveSystemControl_DataInport1_P1_S278
                0x0000000000007b90                ap_read_DriveSystemControl_DataInport1_P1_S279
                0x0000000000007ba0                ap_read_DriveSystemControl_DataInport1_P1_S280
                0x0000000000007bb0                ap_read_DriveSystemControl_DataInport1_P1_S281
                0x0000000000007bc0                ap_read_DriveSystemControl_DataInport1_P1_S282
                0x0000000000007bd0                ap_read_DriveSystemControl_DataInport1_P1_S283
                0x0000000000007be0                ap_read_DriveSystemControl_DataInport1_P1_S284
                0x0000000000007bf0                ap_read_DriveSystemControl_DataInport1_P1_S285
                0x0000000000007c00                ap_read_DriveSystemControl_DataInport1_P1_S286
 *fill*         0x0000000000007c01        0xf 
 .text          0x0000000000007c10     0x2421 data_out_ap.o64
                0x0000000000007c10                ap_write_DriveSystemControl_DataOutport1_P1
                0x0000000000008d80                ap_write_DriveSystemControl_DataOutport1_P1_S1
                0x0000000000008d90                ap_write_DriveSystemControl_DataOutport1_P1_S2
                0x0000000000008da0                ap_write_DriveSystemControl_DataOutport1_P1_S3
                0x0000000000008db0                ap_write_DriveSystemControl_DataOutport1_P1_S4
                0x0000000000008dc0                ap_write_DriveSystemControl_DataOutport1_P1_S5
                0x0000000000008dd0                ap_write_DriveSystemControl_DataOutport1_P1_S6
                0x0000000000008de0                ap_write_DriveSystemControl_DataOutport1_P1_S7
                0x0000000000008df0                ap_write_DriveSystemControl_DataOutport1_P1_S8
                0x0000000000008e00                ap_write_DriveSystemControl_DataOutport1_P1_S9
                0x0000000000008e10                ap_write_DriveSystemControl_DataOutport1_P1_S10
                0x0000000000008e20                ap_write_DriveSystemControl_DataOutport1_P1_S11
                0x0000000000008e30                ap_write_DriveSystemControl_DataOutport1_P1_S12
                0x0000000000008e40                ap_write_DriveSystemControl_DataOutport1_P1_S13
                0x0000000000008e50                ap_write_DriveSystemControl_DataOutport1_P1_S14
                0x0000000000008e60                ap_write_DriveSystemControl_DataOutport1_P1_S15
                0x0000000000008e70                ap_write_DriveSystemControl_DataOutport1_P1_S16
                0x0000000000008e80                ap_write_DriveSystemControl_DataOutport1_P1_S17
                0x0000000000008e90                ap_write_DriveSystemControl_DataOutport1_P1_S18
                0x0000000000008ea0                ap_write_DriveSystemControl_DataOutport1_P1_S19
                0x0000000000008eb0                ap_write_DriveSystemControl_DataOutport1_P1_S20
                0x0000000000008ec0                ap_write_DriveSystemControl_DataOutport1_P1_S21
                0x0000000000008ed0                ap_write_DriveSystemControl_DataOutport1_P1_S22
                0x0000000000008ee0                ap_write_DriveSystemControl_DataOutport1_P1_S23
                0x0000000000008ef0                ap_write_DriveSystemControl_DataOutport1_P1_S24
                0x0000000000008f00                ap_write_DriveSystemControl_DataOutport1_P1_S25
                0x0000000000008f10                ap_write_DriveSystemControl_DataOutport1_P1_S26
                0x0000000000008f20                ap_write_DriveSystemControl_DataOutport1_P1_S27
                0x0000000000008f30                ap_write_DriveSystemControl_DataOutport1_P1_S28
                0x0000000000008f40                ap_write_DriveSystemControl_DataOutport1_P1_S29
                0x0000000000008f50                ap_write_DriveSystemControl_DataOutport1_P1_S30
                0x0000000000008f60                ap_write_DriveSystemControl_DataOutport1_P1_S31
                0x0000000000008f70                ap_write_DriveSystemControl_DataOutport1_P1_S32
                0x0000000000008f80                ap_write_DriveSystemControl_DataOutport1_P1_S33
                0x0000000000008f90                ap_write_DriveSystemControl_DataOutport1_P1_S34
                0x0000000000008fa0                ap_write_DriveSystemControl_DataOutport1_P1_S35
                0x0000000000008fb0                ap_write_DriveSystemControl_DataOutport1_P1_S36
                0x0000000000008fc0                ap_write_DriveSystemControl_DataOutport1_P1_S37
                0x0000000000008fd0                ap_write_DriveSystemControl_DataOutport1_P1_S38
                0x0000000000008fe0                ap_write_DriveSystemControl_DataOutport1_P1_S39
                0x0000000000008ff0                ap_write_DriveSystemControl_DataOutport1_P1_S40
                0x0000000000009000                ap_write_DriveSystemControl_DataOutport1_P1_S41
                0x0000000000009010                ap_write_DriveSystemControl_DataOutport1_P1_S42
                0x0000000000009020                ap_write_DriveSystemControl_DataOutport1_P1_S43
                0x0000000000009030                ap_write_DriveSystemControl_DataOutport1_P1_S44
                0x0000000000009040                ap_write_DriveSystemControl_DataOutport1_P1_S45
                0x0000000000009050                ap_write_DriveSystemControl_DataOutport1_P1_S46
                0x0000000000009060                ap_write_DriveSystemControl_DataOutport1_P1_S47
                0x0000000000009070                ap_write_DriveSystemControl_DataOutport1_P1_S48
                0x0000000000009080                ap_write_DriveSystemControl_DataOutport1_P1_S49
                0x0000000000009090                ap_write_DriveSystemControl_DataOutport1_P1_S50
                0x00000000000090a0                ap_write_DriveSystemControl_DataOutport1_P1_S51
                0x00000000000090b0                ap_write_DriveSystemControl_DataOutport1_P1_S52
                0x00000000000090c0                ap_write_DriveSystemControl_DataOutport1_P1_S53
                0x00000000000090d0                ap_write_DriveSystemControl_DataOutport1_P1_S54
                0x00000000000090e0                ap_write_DriveSystemControl_DataOutport1_P1_S55
                0x00000000000090f0                ap_write_DriveSystemControl_DataOutport1_P1_S56
                0x0000000000009100                ap_write_DriveSystemControl_DataOutport1_P1_S57
                0x0000000000009110                ap_write_DriveSystemControl_DataOutport1_P1_S58
                0x0000000000009120                ap_write_DriveSystemControl_DataOutport1_P1_S59
                0x0000000000009130                ap_write_DriveSystemControl_DataOutport1_P1_S60
                0x0000000000009140                ap_write_DriveSystemControl_DataOutport1_P1_S61
                0x0000000000009150                ap_write_DriveSystemControl_DataOutport1_P1_S62
                0x0000000000009160                ap_write_DriveSystemControl_DataOutport1_P1_S63
                0x0000000000009170                ap_write_DriveSystemControl_DataOutport1_P1_S64
                0x0000000000009180                ap_write_DriveSystemControl_DataOutport1_P1_S65
                0x0000000000009190                ap_write_DriveSystemControl_DataOutport1_P1_S66
                0x00000000000091a0                ap_write_DriveSystemControl_DataOutport1_P1_S67
                0x00000000000091b0                ap_write_DriveSystemControl_DataOutport1_P1_S68
                0x00000000000091c0                ap_write_DriveSystemControl_DataOutport1_P1_S69
                0x00000000000091d0                ap_write_DriveSystemControl_DataOutport1_P1_S70
                0x00000000000091e0                ap_write_DriveSystemControl_DataOutport1_P1_S71
                0x00000000000091f0                ap_write_DriveSystemControl_DataOutport1_P1_S72
                0x0000000000009200                ap_write_DriveSystemControl_DataOutport1_P1_S73
                0x0000000000009210                ap_write_DriveSystemControl_DataOutport1_P1_S74
                0x0000000000009220                ap_write_DriveSystemControl_DataOutport1_P1_S75
                0x0000000000009230                ap_write_DriveSystemControl_DataOutport1_P1_S76
                0x0000000000009240                ap_write_DriveSystemControl_DataOutport1_P1_S77
                0x0000000000009250                ap_write_DriveSystemControl_DataOutport1_P1_S78
                0x0000000000009260                ap_write_DriveSystemControl_DataOutport1_P1_S79
                0x0000000000009270                ap_write_DriveSystemControl_DataOutport1_P1_S80
                0x0000000000009280                ap_write_DriveSystemControl_DataOutport1_P1_S81
                0x0000000000009290                ap_write_DriveSystemControl_DataOutport1_P1_S82
                0x00000000000092a0                ap_write_DriveSystemControl_DataOutport1_P1_S83
                0x00000000000092b0                ap_write_DriveSystemControl_DataOutport1_P1_S84
                0x00000000000092c0                ap_write_DriveSystemControl_DataOutport1_P1_S85
                0x00000000000092d0                ap_write_DriveSystemControl_DataOutport1_P1_S86
                0x00000000000092e0                ap_write_DriveSystemControl_DataOutport1_P1_S87
                0x00000000000092f0                ap_write_DriveSystemControl_DataOutport1_P1_S88
                0x0000000000009300                ap_write_DriveSystemControl_DataOutport1_P1_S89
                0x0000000000009310                ap_write_DriveSystemControl_DataOutport1_P1_S90
                0x0000000000009320                ap_write_DriveSystemControl_DataOutport1_P1_S91
                0x0000000000009330                ap_write_DriveSystemControl_DataOutport1_P1_S92
                0x0000000000009340                ap_write_DriveSystemControl_DataOutport1_P1_S93
                0x0000000000009350                ap_write_DriveSystemControl_DataOutport1_P1_S94
                0x0000000000009360                ap_write_DriveSystemControl_DataOutport1_P1_S95
                0x0000000000009370                ap_write_DriveSystemControl_DataOutport1_P1_S96
                0x0000000000009380                ap_write_DriveSystemControl_DataOutport1_P1_S97
                0x0000000000009390                ap_write_DriveSystemControl_DataOutport1_P1_S98
                0x00000000000093a0                ap_write_DriveSystemControl_DataOutport1_P1_S99
                0x00000000000093b0                ap_write_DriveSystemControl_DataOutport1_P1_S100
                0x00000000000093c0                ap_write_DriveSystemControl_DataOutport1_P1_S101
                0x00000000000093d0                ap_write_DriveSystemControl_DataOutport1_P1_S102
                0x00000000000093e0                ap_write_DriveSystemControl_DataOutport1_P1_S103
                0x00000000000093f0                ap_write_DriveSystemControl_DataOutport1_P1_S104
                0x0000000000009400                ap_write_DriveSystemControl_DataOutport1_P1_S105
                0x0000000000009410                ap_write_DriveSystemControl_DataOutport1_P1_S106
                0x0000000000009420                ap_write_DriveSystemControl_DataOutport1_P1_S107
                0x0000000000009430                ap_write_DriveSystemControl_DataOutport1_P1_S108
                0x0000000000009440                ap_write_DriveSystemControl_DataOutport1_P1_S109
                0x0000000000009450                ap_write_DriveSystemControl_DataOutport1_P1_S110
                0x0000000000009460                ap_write_DriveSystemControl_DataOutport1_P1_S111
                0x0000000000009470                ap_write_DriveSystemControl_DataOutport1_P1_S112
                0x0000000000009480                ap_write_DriveSystemControl_DataOutport1_P1_S113
                0x0000000000009490                ap_write_DriveSystemControl_DataOutport1_P1_S114
                0x00000000000094a0                ap_write_DriveSystemControl_DataOutport1_P1_S115
                0x00000000000094b0                ap_write_DriveSystemControl_DataOutport1_P1_S116
                0x00000000000094c0                ap_write_DriveSystemControl_DataOutport1_P1_S117
                0x00000000000094d0                ap_write_DriveSystemControl_DataOutport1_P1_S118
                0x00000000000094e0                ap_write_DriveSystemControl_DataOutport1_P1_S119
                0x00000000000094f0                ap_write_DriveSystemControl_DataOutport1_P1_S120
                0x0000000000009500                ap_write_DriveSystemControl_DataOutport1_P1_S121
                0x0000000000009510                ap_write_DriveSystemControl_DataOutport1_P1_S122
                0x0000000000009520                ap_write_DriveSystemControl_DataOutport1_P1_S123
                0x0000000000009530                ap_write_DriveSystemControl_DataOutport1_P1_S124
                0x0000000000009540                ap_write_DriveSystemControl_DataOutport1_P1_S125
                0x0000000000009550                ap_write_DriveSystemControl_DataOutport1_P1_S126
                0x0000000000009560                ap_write_DriveSystemControl_DataOutport1_P1_S127
                0x0000000000009570                ap_write_DriveSystemControl_DataOutport1_P1_S128
                0x0000000000009580                ap_write_DriveSystemControl_DataOutport1_P1_S129
                0x0000000000009590                ap_write_DriveSystemControl_DataOutport1_P1_S130
                0x00000000000095a0                ap_write_DriveSystemControl_DataOutport1_P1_S131
                0x00000000000095b0                ap_write_DriveSystemControl_DataOutport1_P1_S132
                0x00000000000095c0                ap_write_DriveSystemControl_DataOutport1_P1_S133
                0x00000000000095d0                ap_write_DriveSystemControl_DataOutport1_P1_S134
                0x00000000000095e0                ap_write_DriveSystemControl_DataOutport1_P1_S135
                0x00000000000095f0                ap_write_DriveSystemControl_DataOutport1_P1_S136
                0x0000000000009600                ap_write_DriveSystemControl_DataOutport1_P1_S137
                0x0000000000009610                ap_write_DriveSystemControl_DataOutport1_P1_S138
                0x0000000000009620                ap_write_DriveSystemControl_DataOutport1_P1_S139
                0x0000000000009630                ap_write_DriveSystemControl_DataOutport1_P1_S140
                0x0000000000009640                ap_write_DriveSystemControl_DataOutport1_P1_S141
                0x0000000000009650                ap_write_DriveSystemControl_DataOutport1_P1_S142
                0x0000000000009660                ap_write_DriveSystemControl_DataOutport1_P1_S143
                0x0000000000009670                ap_write_DriveSystemControl_DataOutport1_P1_S144
                0x0000000000009680                ap_write_DriveSystemControl_DataOutport1_P1_S145
                0x0000000000009690                ap_write_DriveSystemControl_DataOutport1_P1_S146
                0x00000000000096a0                ap_write_DriveSystemControl_DataOutport1_P1_S147
                0x00000000000096b0                ap_write_DriveSystemControl_DataOutport1_P1_S148
                0x00000000000096c0                ap_write_DriveSystemControl_DataOutport1_P1_S149
                0x00000000000096d0                ap_write_DriveSystemControl_DataOutport1_P1_S150
                0x00000000000096e0                ap_write_DriveSystemControl_DataOutport1_P1_S151
                0x00000000000096f0                ap_write_DriveSystemControl_DataOutport1_P1_S152
                0x0000000000009700                ap_write_DriveSystemControl_DataOutport1_P1_S153
                0x0000000000009710                ap_write_DriveSystemControl_DataOutport1_P1_S154
                0x0000000000009720                ap_write_DriveSystemControl_DataOutport1_P1_S155
                0x0000000000009730                ap_write_DriveSystemControl_DataOutport1_P1_S156
                0x0000000000009740                ap_write_DriveSystemControl_DataOutport1_P1_S157
                0x0000000000009750                ap_write_DriveSystemControl_DataOutport1_P1_S158
                0x0000000000009760                ap_write_DriveSystemControl_DataOutport1_P1_S159
                0x0000000000009770                ap_write_DriveSystemControl_DataOutport1_P1_S160
                0x0000000000009780                ap_write_DriveSystemControl_DataOutport1_P1_S161
                0x0000000000009790                ap_write_DriveSystemControl_DataOutport1_P1_S162
                0x00000000000097a0                ap_write_DriveSystemControl_DataOutport1_P1_S163
                0x00000000000097b0                ap_write_DriveSystemControl_DataOutport1_P1_S164
                0x00000000000097c0                ap_write_DriveSystemControl_DataOutport1_P1_S165
                0x00000000000097d0                ap_write_DriveSystemControl_DataOutport1_P1_S166
                0x00000000000097e0                ap_write_DriveSystemControl_DataOutport1_P1_S167
                0x00000000000097f0                ap_write_DriveSystemControl_DataOutport1_P1_S168
                0x0000000000009800                ap_write_DriveSystemControl_DataOutport1_P1_S169
                0x0000000000009810                ap_write_DriveSystemControl_DataOutport1_P1_S170
                0x0000000000009820                ap_write_DriveSystemControl_DataOutport1_P1_S171
                0x0000000000009830                ap_write_DriveSystemControl_DataOutport1_P1_S172
                0x0000000000009840                ap_write_DriveSystemControl_DataOutport1_P1_S173
                0x0000000000009850                ap_write_DriveSystemControl_DataOutport1_P1_S174
                0x0000000000009860                ap_write_DriveSystemControl_DataOutport1_P1_S175
                0x0000000000009870                ap_write_DriveSystemControl_DataOutport1_P1_S176
                0x0000000000009880                ap_write_DriveSystemControl_DataOutport1_P1_S177
                0x0000000000009890                ap_write_DriveSystemControl_DataOutport1_P1_S178
                0x00000000000098a0                ap_write_DriveSystemControl_DataOutport1_P1_S179
                0x00000000000098b0                ap_write_DriveSystemControl_DataOutport1_P1_S180
                0x00000000000098c0                ap_write_DriveSystemControl_DataOutport1_P1_S181
                0x00000000000098d0                ap_write_DriveSystemControl_DataOutport1_P1_S182
                0x00000000000098e0                ap_write_DriveSystemControl_DataOutport1_P1_S183
                0x00000000000098f0                ap_write_DriveSystemControl_DataOutport1_P1_S184
                0x0000000000009900                ap_write_DriveSystemControl_DataOutport1_P1_S185
                0x0000000000009910                ap_write_DriveSystemControl_DataOutport1_P1_S186
                0x0000000000009920                ap_write_DriveSystemControl_DataOutport1_P1_S187
                0x0000000000009930                ap_write_DriveSystemControl_DataOutport1_P1_S188
                0x0000000000009940                ap_write_DriveSystemControl_DataOutport1_P1_S189
                0x0000000000009950                ap_write_DriveSystemControl_DataOutport1_P1_S190
                0x0000000000009960                ap_write_DriveSystemControl_DataOutport1_P1_S191
                0x0000000000009970                ap_write_DriveSystemControl_DataOutport1_P1_S192
                0x0000000000009980                ap_write_DriveSystemControl_DataOutport1_P1_S193
                0x0000000000009990                ap_write_DriveSystemControl_DataOutport1_P1_S194
                0x00000000000099a0                ap_write_DriveSystemControl_DataOutport1_P1_S195
                0x00000000000099b0                ap_write_DriveSystemControl_DataOutport1_P1_S196
                0x00000000000099c0                ap_write_DriveSystemControl_DataOutport1_P1_S197
                0x00000000000099d0                ap_write_DriveSystemControl_DataOutport1_P1_S198
                0x00000000000099e0                ap_write_DriveSystemControl_DataOutport1_P1_S199
                0x00000000000099f0                ap_write_DriveSystemControl_DataOutport1_P1_S200
                0x0000000000009a00                ap_write_DriveSystemControl_DataOutport1_P1_S201
                0x0000000000009a10                ap_write_DriveSystemControl_DataOutport1_P1_S202
                0x0000000000009a20                ap_write_DriveSystemControl_DataOutport1_P1_S203
                0x0000000000009a30                ap_write_DriveSystemControl_DataOutport1_P1_S204
                0x0000000000009a40                ap_write_DriveSystemControl_DataOutport1_P1_S205
                0x0000000000009a50                ap_write_DriveSystemControl_DataOutport1_P1_S206
                0x0000000000009a60                ap_write_DriveSystemControl_DataOutport1_P1_S207
                0x0000000000009a70                ap_write_DriveSystemControl_DataOutport1_P1_S208
                0x0000000000009a80                ap_write_DriveSystemControl_DataOutport1_P1_S209
                0x0000000000009a90                ap_write_DriveSystemControl_DataOutport1_P1_S210
                0x0000000000009aa0                ap_write_DriveSystemControl_DataOutport1_P1_S211
                0x0000000000009ab0                ap_write_DriveSystemControl_DataOutport1_P1_S212
                0x0000000000009ac0                ap_write_DriveSystemControl_DataOutport1_P1_S213
                0x0000000000009ad0                ap_write_DriveSystemControl_DataOutport1_P1_S214
                0x0000000000009ae0                ap_write_DriveSystemControl_DataOutport1_P1_S215
                0x0000000000009af0                ap_write_DriveSystemControl_DataOutport1_P1_S216
                0x0000000000009b00                ap_write_DriveSystemControl_DataOutport1_P1_S217
                0x0000000000009b10                ap_write_DriveSystemControl_DataOutport1_P1_S218
                0x0000000000009b20                ap_write_DriveSystemControl_DataOutport1_P1_S219
                0x0000000000009b30                ap_write_DriveSystemControl_DataOutport1_P1_S220
                0x0000000000009b40                ap_write_DriveSystemControl_DataOutport1_P1_S221
                0x0000000000009b50                ap_write_DriveSystemControl_DataOutport1_P1_S222
                0x0000000000009b60                ap_write_DriveSystemControl_DataOutport1_P1_S223
                0x0000000000009b70                ap_write_DriveSystemControl_DataOutport1_P1_S224
                0x0000000000009b80                ap_write_DriveSystemControl_DataOutport1_P1_S225
                0x0000000000009b90                ap_write_DriveSystemControl_DataOutport1_P1_S226
                0x0000000000009ba0                ap_write_DriveSystemControl_DataOutport1_P1_S227
                0x0000000000009bb0                ap_write_DriveSystemControl_DataOutport1_P1_S228
                0x0000000000009bc0                ap_write_DriveSystemControl_DataOutport1_P1_S229
                0x0000000000009bd0                ap_write_DriveSystemControl_DataOutport1_P1_S230
                0x0000000000009be0                ap_write_DriveSystemControl_DataOutport1_P1_S231
                0x0000000000009bf0                ap_write_DriveSystemControl_DataOutport1_P1_S232
                0x0000000000009c00                ap_write_DriveSystemControl_DataOutport1_P1_S233
                0x0000000000009c10                ap_write_DriveSystemControl_DataOutport1_P1_S234
                0x0000000000009c20                ap_write_DriveSystemControl_DataOutport1_P1_S235
                0x0000000000009c30                ap_write_DriveSystemControl_DataOutport1_P1_S236
                0x0000000000009c40                ap_write_DriveSystemControl_DataOutport1_P1_S237
                0x0000000000009c50                ap_write_DriveSystemControl_DataOutport1_P1_S238
                0x0000000000009c60                ap_write_DriveSystemControl_DataOutport1_P1_S239
                0x0000000000009c70                ap_write_DriveSystemControl_DataOutport1_P1_S240
                0x0000000000009c80                ap_write_DriveSystemControl_DataOutport1_P1_S241
                0x0000000000009c90                ap_write_DriveSystemControl_DataOutport1_P1_S242
                0x0000000000009ca0                ap_write_DriveSystemControl_DataOutport1_P1_S243
                0x0000000000009cb0                ap_write_DriveSystemControl_DataOutport1_P1_S244
                0x0000000000009cc0                ap_write_DriveSystemControl_DataOutport1_P1_S245
                0x0000000000009cd0                ap_write_DriveSystemControl_DataOutport1_P1_S246
                0x0000000000009ce0                ap_write_DriveSystemControl_DataOutport1_P1_S247
                0x0000000000009cf0                ap_write_DriveSystemControl_DataOutport1_P1_S248
                0x0000000000009d00                ap_write_DriveSystemControl_DataOutport1_P1_S249
                0x0000000000009d10                ap_write_DriveSystemControl_DataOutport1_P1_S250
                0x0000000000009d20                ap_write_DriveSystemControl_DataOutport1_P1_S251
                0x0000000000009d30                ap_write_DriveSystemControl_DataOutport1_P1_S252
                0x0000000000009d40                ap_write_DriveSystemControl_DataOutport1_P1_S253
                0x0000000000009d50                ap_write_DriveSystemControl_DataOutport1_P1_S254
                0x0000000000009d60                ap_write_DriveSystemControl_DataOutport1_P1_S255
                0x0000000000009d70                ap_write_DriveSystemControl_DataOutport1_P1_S256
                0x0000000000009d80                ap_write_DriveSystemControl_DataOutport1_P1_S257
                0x0000000000009d90                ap_write_DriveSystemControl_DataOutport1_P1_S258
                0x0000000000009da0                ap_write_DriveSystemControl_DataOutport1_P1_S259
                0x0000000000009db0                ap_write_DriveSystemControl_DataOutport1_P1_S260
                0x0000000000009dc0                ap_write_DriveSystemControl_DataOutport1_P1_S261
                0x0000000000009dd0                ap_write_DriveSystemControl_DataOutport1_P1_S262
                0x0000000000009de0                ap_write_DriveSystemControl_DataOutport1_P1_S263
                0x0000000000009df0                ap_write_DriveSystemControl_DataOutport1_P1_S264
                0x0000000000009e00                ap_write_DriveSystemControl_DataOutport1_P1_S265
                0x0000000000009e10                ap_write_DriveSystemControl_DataOutport1_P1_S266
                0x0000000000009e20                ap_write_DriveSystemControl_DataOutport1_P1_S267
                0x0000000000009e30                ap_write_DriveSystemControl_DataOutport1_P1_S268
                0x0000000000009e40                ap_write_DriveSystemControl_DataOutport1_P1_S269
                0x0000000000009e50                ap_write_DriveSystemControl_DataOutport1_P1_S270
                0x0000000000009e60                ap_write_DriveSystemControl_DataOutport1_P1_S271
                0x0000000000009e70                ap_write_DriveSystemControl_DataOutport1_P1_S272
                0x0000000000009e80                ap_write_DriveSystemControl_DataOutport1_P1_S273
                0x0000000000009e90                ap_write_DriveSystemControl_DataOutport1_P1_S274
                0x0000000000009ea0                ap_write_DriveSystemControl_DataOutport1_P1_S275
                0x0000000000009eb0                ap_write_DriveSystemControl_DataOutport1_P1_S276
                0x0000000000009ec0                ap_write_DriveSystemControl_DataOutport1_P1_S277
                0x0000000000009ed0                ap_write_DriveSystemControl_DataOutport1_P1_S278
                0x0000000000009ee0                ap_write_DriveSystemControl_DataOutport1_P1_S279
                0x0000000000009ef0                ap_write_DriveSystemControl_DataOutport1_P1_S280
                0x0000000000009f00                ap_write_DriveSystemControl_DataOutport1_P1_S281
                0x0000000000009f10                ap_write_DriveSystemControl_DataOutport1_P1_S282
                0x0000000000009f20                ap_write_DriveSystemControl_DataOutport1_P1_S283
                0x0000000000009f30                ap_write_DriveSystemControl_DataOutport1_P1_S284
                0x0000000000009f40                ap_write_DriveSystemControl_DataOutport1_P1_S285
                0x0000000000009f50                ap_write_DriveSystemControl_DataOutport1_P1_S286
                0x0000000000009f60                ap_write_DriveSystemControl_DataOutport1_P1_S287
                0x0000000000009f70                ap_write_DriveSystemControl_DataOutport1_P1_S288
                0x0000000000009f80                ap_write_DriveSystemControl_DataOutport1_P1_S289
                0x0000000000009f90                ap_write_DriveSystemControl_DataOutport1_P1_S290
                0x0000000000009fa0                ap_write_DriveSystemControl_DataOutport1_P1_S291
                0x0000000000009fb0                ap_write_DriveSystemControl_DataOutport1_P1_S292
                0x0000000000009fc0                ap_write_DriveSystemControl_DataOutport1_P1_S293
                0x0000000000009fd0                ap_write_DriveSystemControl_DataOutport1_P1_S294
                0x0000000000009fe0                ap_write_DriveSystemControl_DataOutport1_P1_S295
                0x0000000000009ff0                ap_write_DriveSystemControl_DataOutport1_P1_S296
                0x000000000000a000                ap_write_DriveSystemControl_DataOutport1_P1_S297
                0x000000000000a010                ap_write_DriveSystemControl_DataOutport1_P1_S298
                0x000000000000a020                ap_write_DriveSystemControl_DataOutport1_P1_S299
                0x000000000000a030                ap_write_DriveSystemControl_DataOutport1_P1_S300
 *fill*         0x000000000000a031        0xf 
 .text          0x000000000000a040       0x10 fm_entry_ap.o64
                0x000000000000a040                ap_entry_DriveSystemControl_SIDRoot_TID0
 .text          0x000000000000a050       0x10 fm_exit_ap.o64
                0x000000000000a050                ap_exit_DriveSystemControl_SIDRoot_TID0
 .text          0x000000000000a060      0x683 dssimengine_accesspoint.o64
                0x000000000000a060                ApSimEngineOnInitMdl
                0x000000000000a080                ApSimEngineOnStartMdl
                0x000000000000a0a0                ApSimEngineOnStopMdl
                0x000000000000a0c0                ApSimEngineOnTerminateMdl
                0x000000000000a0d0                ApSimEngineOnUnloadMdl
                0x000000000000a0f0                ApSimEngineOnInitImc
                0x000000000000a110                ApSimEngineOnStartImc
                0x000000000000a130                ApSimEngineOnStopImc
                0x000000000000a150                ApSimEngineOnTerminateImc
                0x000000000000a170                ApSimEngineOnUnloadImc
                0x000000000000a190                ApSimEngineOnInitIoPreRtosInit
                0x000000000000a200                ApSimEngineOnInitHwDiagnostics
                0x000000000000a370                ApSimEngineOnStopIo
                0x000000000000a390                ApSimEngineOnTerminateIo
                0x000000000000a3b0                ApSimEngineOnUnloadIo
                0x000000000000a3d0                ApSimEngineOnInitRtos
                0x000000000000a420                ApSimEngineOnStartRtos
                0x000000000000a440                ApSimEngineOnStopRtos
                0x000000000000a460                ApSimEngineOnStop
                0x000000000000a4b0                ApSimEngineOnTerminateRtos
                0x000000000000a4d0                ApSimEngineOnTerminate
                0x000000000000a520                ApSimEngineOnUnloadRtos
                0x000000000000a540                ApSimEngineOnUnload
                0x000000000000a590                ApSimEngineIdle
                0x000000000000a5b0                _Z22ApSimEngineRunTimeInitR16DsCErrorListPooli
                0x000000000000a5c0                ApSimEngineOnInitIoPostRtosInit
                0x000000000000a600                ApSimEngineOnInit
                0x000000000000a660                ApSimEngineOnStartIo
                0x000000000000a6a0                ApSimEngineOnStart
 *fill*         0x000000000000a6e3        0xd 
 .text          0x000000000000a6f0       0x57 dssimengine_api.o64
                0x000000000000a6f0                _Z25SimEngineLastApplStateGetv
                0x000000000000a700                _Z16SimEngineApplGetv
                0x000000000000a710                _Z17SimEngineApplStopv
                0x000000000000a730                _Z22SimEngineApplTerminatev
 *fill*         0x000000000000a747        0x9 
 .text          0x000000000000a750      0x187 dssimengine_main.o64
                0x000000000000a750                destroyApplication
                0x000000000000a770                getApplicationErrorList
                0x000000000000a780                _ZN18DsCApplicationMainD1Ev
                0x000000000000a780                _ZN18DsCApplicationMainD2Ev
                0x000000000000a7b0                _ZN18DsCApplicationMainD0Ev
                0x000000000000a7d0                _ZN18DsCApplicationMain6onInitER16DsCErrorListPool
                0x000000000000a7f0                _ZN18DsCApplicationMain7onStartER16DsCErrorListPool
                0x000000000000a810                _ZN18DsCApplicationMain6onStopER16DsCErrorListPool
                0x000000000000a830                _ZN18DsCApplicationMain11onTerminateER16DsCErrorListPool
                0x000000000000a850                _ZN18DsCApplicationMain8onUnloadER16DsCErrorListPool
                0x000000000000a860                _ZN18DsCApplicationMain6onIdleER16DsCErrorListPool
                0x000000000000a870                _ZN18DsCApplicationMainC2ER16DsCErrorListPool
                0x000000000000a870                _ZN18DsCApplicationMainC1ER16DsCErrorListPool
                0x000000000000a8a0                createApplication
 *fill*         0x000000000000a8d7        0x9 
 .text          0x000000000000a8e0      0x622 rtosal_task.o64
                0x000000000000a8e0                _ZN24DsCRtosAlPeriodic_Task_1D1Ev
                0x000000000000a8e0                _ZN24DsCRtosAlPeriodic_Task_1D2Ev
                0x000000000000a900                _ZN24DsCRtosAlPeriodic_Task_1D0Ev
                0x000000000000a920                _ZN26DsCRtosAlBus_ConfigurationD2Ev
                0x000000000000a920                _ZN26DsCRtosAlBus_ConfigurationD1Ev
                0x000000000000a940                _ZN26DsCRtosAlBus_ConfigurationD0Ev
                0x000000000000a960                _ZN24DsCRtosAlCAN_RX_Task_i1_D2Ev
                0x000000000000a960                _ZN24DsCRtosAlCAN_RX_Task_i1_D1Ev
                0x000000000000a980                _ZN24DsCRtosAlCAN_RX_Task_i1_D0Ev
                0x000000000000a9a0                _ZN24DsCRtosAlPeriodic_Task_15onRunER16DsCErrorListPool
                0x000000000000a9f0                _ZN26DsCRtosAlBus_Configuration5onRunER16DsCErrorListPool
                0x000000000000aa10                _ZN24DsCRtosAlCAN_RX_Task_i1_5onRunER16DsCErrorListPool
                0x000000000000aa30                _ZN24DsCRtosAlPeriodic_Task_1C2ER16DsCErrorListPoolP14DsCApplicationPKcjjjjjjjP7DsCTaskj
                0x000000000000aa30                _ZN24DsCRtosAlPeriodic_Task_1C1ER16DsCErrorListPoolP14DsCApplicationPKcjjjjjjjP7DsCTaskj
                0x000000000000aa80                _ZN24DsCRtosAlPeriodic_Task_16createER16DsCErrorListPoolP14DsCApplicationPKcjjjjjjjP7DsCTaskj
                0x000000000000ab30                _ZN26DsCRtosAlBus_ConfigurationC1ER16DsCErrorListPoolP14DsCApplicationPKcjjjjjjjP7DsCTaskj
                0x000000000000ab30                _ZN26DsCRtosAlBus_ConfigurationC2ER16DsCErrorListPoolP14DsCApplicationPKcjjjjjjjP7DsCTaskj
                0x000000000000ab80                _ZN26DsCRtosAlBus_Configuration6createER16DsCErrorListPoolP14DsCApplicationPKcjjjjjjjP7DsCTaskj
                0x000000000000ac30                _ZN24DsCRtosAlCAN_RX_Task_i1_C1ER16DsCErrorListPoolP14DsCApplicationPKcjjjjjjjP7DsCTaskj
                0x000000000000ac30                _ZN24DsCRtosAlCAN_RX_Task_i1_C2ER16DsCErrorListPoolP14DsCApplicationPKcjjjjjjjP7DsCTaskj
                0x000000000000ac80                _ZN24DsCRtosAlCAN_RX_Task_i1_6createER16DsCErrorListPoolP14DsCApplicationPKcjjjjjjjP7DsCTaskj
                0x000000000000ad30                _Z37RtosAlDefaultDeadlineViolationHandlerR16DsCErrorListPoolP7DsCTask
                0x000000000000add0                _Z35RtosAlProfilerSourcesInitializationv
                0x000000000000ade0                _Z20RtosAlHandleOverrunsP7DsCTaski
                0x000000000000aeb0                _ZN24DsCRtosAlPeriodic_Task_19onOverrunER16DsCErrorListPool
                0x000000000000aed0                _ZN26DsCRtosAlBus_Configuration9onOverrunER16DsCErrorListPool
                0x000000000000aef0                _ZN24DsCRtosAlCAN_RX_Task_i1_9onOverrunER16DsCErrorListPool
 *fill*         0x000000000000af02        0xe 
 .text          0x000000000000af10      0x106 rtosal_taskap.o64
                0x000000000000af10                RtosAlTask_02_TaskEntry
                0x000000000000af20                RtosAlTask_02_TaskExit
                0x000000000000af90                RtosAlccaba9c9minusb575minus45beminusbbebminus0e8e7673e163_TaskEntry
                0x000000000000afa0                RtosAlccaba9c9minusb575minus45beminusbbebminus0e8e7673e163_TaskExit
                0x000000000000b000                RtosAlCAN_RX_Task_TaskEntry
                0x000000000000b010                RtosAlCAN_RX_Task_TaskExit
 *fill*         0x000000000000b016        0xa 
 .text          0x000000000000b020      0x3a1 rtosal_simengineap.o64
                0x000000000000b020                _Z12RtosAlOnInitR16DsCErrorListPool
                0x000000000000b220                _Z13RtosAlOnStartR16DsCErrorListPool
 *fill*         0x000000000000b3c1        0xf 
 .text          0x000000000000b3d0       0x10 IOCode_Data.o64
                0x000000000000b3d0                _Z25CAN_RX_Component_Functionv
 .text          0x000000000000b3e0      0x8af dssimengine_accesspoint_CAN.o64
                0x000000000000b3e0                _Z49ApSimEngineOnInitIoPreRtosInit_ctlcBODY_2_WIP_i1_R16DsCErrorListPoolP14DsCApplication
                0x000000000000b440                _Z50ApSimEngineOnInitIoPostRtosInit_ctlcBODY_0_WIP_i1_R16DsCErrorListPool
                0x000000000000bc50                _Z43ApSimEngineOnTerminateIo_ctlcBODY_0_WIP_i1_R16DsCErrorListPool
                0x000000000000bc60                _Z40ApSimEngineOnUnloadIo_ctlcBODY_0_WIP_i1_R16DsCErrorListPool
 *fill*         0x000000000000bc8f        0x1 
 .text          0x000000000000bc90     0x3a1f IOCode_TestAutomationInit_0.o64
                0x000000000000bc90                _Z27IOCode_TestAutomationInit_0v
 *fill*         0x000000000000f6af        0x1 
 .text          0x000000000000f6b0      0x194 BusManager_Bus_Configuration_i1_i12777_1.o64
                0x000000000000f6b0                BM_BUS_CONFIGURATION_i1_i12777_1_Init
                0x000000000000f780                BM_BUS_CONFIGURATION_i1_i12777_1_OnStart
                0x000000000000f7b0                BM_BUS_CONFIGURATION_i1_i12777_1_OnStop
                0x000000000000f7d0                BM_BUS_CONFIGURATION_i1_i12777_1_VariableInitialize
 *fill*         0x000000000000f844        0xc 
 .text          0x000000000000f850      0x1ca Bus_Configuration_i1_i12777.o64
                0x000000000000f850                Bus_Configuration_i1_i12777_PostStart
                0x000000000000f870                Bus_Configuration_i1_i12777_OnStart
                0x000000000000f8a0                Bus_Configuration_i1_i12777_PostStop
                0x000000000000f8b0                Bus_Configuration_i1_i12777_OnStop
                0x000000000000f8d0                Bus_Configuration_i1_i12777_VariableInitialize
                0x000000000000f8f0                Bus_Configuration_i1_i12777_Init
                0x000000000000f940                _Z47Bus_Configuration_i1_i12777_AdjustCreditCounterii
                0x000000000000f9d0                Bus_Configuration_i1_iBusCfg_MainFunction_14810_14808
 *fill*         0x000000000000fa1a        0x6 
 .text          0x000000000000fa20      0x35e Bus_Configuration_i1_i12777_tx.o64
                0x000000000000fab0                Bus_Configuration_i1_i12777_BusCfgTx_VariableInitialize
                0x000000000000fac0                Bus_Configuration_i1_i12777_BusCfgTx_Init
                0x000000000000fb00                Bus_Configuration_i1_i12777_InitializePduTimings
                0x000000000000fb70                Bus_Configuration_i1_i12777_BusCfgTx_OnStart
                0x000000000000fb80                Bus_Configuration_i1_i12777_BusCfgTx_SetPduPeriodOffset
                0x000000000000fc10                Bus_Configuration_i1_i12777_BusCfgTx_SetPduPending
                0x000000000000fc30                Bus_Configuration_i1_i12777_BusCfgTx_TriggerPendingPdus
 *fill*         0x000000000000fd7e        0x2 
 .text          0x000000000000fd80        0x1 Bus_Configuration_i1_i12777_if.o64
                0x000000000000fd80                Bus_Configuration_i1_i12777__InitializeModelAPI
 *fill*         0x000000000000fd81        0xf 
 .text          0x000000000000fd90      0x421 Bus_Configuration_i1_i12777_CAN.o64
                0x000000000000fdb0                Bus_Configuration_i1_i12777_CAN_Receive
                0x000000000000ff20                Bus_Configuration_i1_i12777_CAN_Init
                0x000000000000ff30                Bus_Configuration_i1_i12777_CAN_PostStart
                0x000000000000ff90                Bus_Configuration_i1_i12777_CAN_PostStop
                0x000000000000fff0                Bus_Configuration_i1_i12777_CAN_VariableInitialize
                0x0000000000010160                Bus_Configuration_i1_i12777_CAN_BoardUpdate
                0x0000000000010180                Bus_Configuration_i1_i12777_CAN_GetTxQueueCount
 *fill*         0x00000000000101b1        0xf 
 .text          0x00000000000101c0       0x69 BusRtCode.o64
                0x00000000000101c0                _Z14BusRtCode_Initv
                0x00000000000101e0                _Z17BusRtCode_OnStartv
                0x0000000000010200                _Z16BusRtCode_OnStopv
                0x0000000000010210                CheckCanBoardUpdate_CANBUSACCESS_1_CAN_CH
 *fill*         0x0000000000010229        0x7 
 .text          0x0000000000010230       0x45 ConvertHwTimeToSimTime.o64
                0x0000000000010230                ConvertHwTimeToSimTime
 *fill*         0x0000000000010275        0xb 
 .text          0x0000000000010280      0x129 C:\Users\MURTI\AppData\Local\Temp\dSPACE\CfgDesk\AppCache\3\Build\EXP_03\Compile\DriveSystemControl\DriveSystemControl.a(DriveSystemControl_dsrtmdlfcn.o64)
                0x0000000000010280                DriveSystemControl_DSRTCheckForErrorStatus
                0x00000000000102d0                DriveSystemControl_DSRTInitMdl
                0x0000000000010300                DriveSystemControl_DSRTStartMdl
                0x0000000000010330                DriveSystemControl_DSRTStopMdl